[    0.000000] Initializing cgroup subsys cpuset
[    0.000000] Initializing cgroup subsys cpu
[    0.000000] Initializing cgroup subsys cpuacct
[    0.000000] Linux version 4.4.0-210-generic (buildd@lgw01-amd64-009) (gcc version 5.4.0 20160609 (Ubuntu 5.4.0-6ubuntu1~16.04.12) ) #242-Ubuntu SMP Fri Apr 16 09:57:56 UTC 2021 (Ubuntu 4.4.0-210.242-generic 4.4.262)
[    0.000000] Command line: BOOT_IMAGE=/boot/vmlinuz-4.4.0-210-generic root=LABEL=cloudimg-rootfs ro console=tty1 console=ttyS0
[    0.000000] KERNEL supported cpus:
[    0.000000]   Intel GenuineIntel
[    0.000000]   AMD AuthenticAMD
[    0.000000]   Centaur CentaurHauls
[    0.000000] x86/fpu: xstate_offset[2]:  576, xstate_sizes[2]:  256
[    0.000000] x86/fpu: Supporting XSAVE feature 0x01: 'x87 floating point registers'
[    0.000000] x86/fpu: Supporting XSAVE feature 0x02: 'SSE registers'
[    0.000000] x86/fpu: Supporting XSAVE feature 0x04: 'AVX registers'
[    0.000000] x86/fpu: Enabled xstate features 0x7, context size is 832 bytes, using 'standard' format.
[    0.000000] e820: BIOS-provided physical RAM map:
[    0.000000] BIOS-e820: [mem 0x0000000000000000-0x000000000009fbff] usable
[    0.000000] BIOS-e820: [mem 0x000000000009fc00-0x000000000009ffff] reserved
[    0.000000] BIOS-e820: [mem 0x00000000000f0000-0x00000000000fffff] reserved
[    0.000000] BIOS-e820: [mem 0x0000000000100000-0x000000007ffeffff] usable
[    0.000000] BIOS-e820: [mem 0x000000007fff0000-0x000000007fffffff] ACPI data
[    0.000000] BIOS-e820: [mem 0x00000000fec00000-0x00000000fec00fff] reserved
[    0.000000] BIOS-e820: [mem 0x00000000fee00000-0x00000000fee00fff] reserved
[    0.000000] BIOS-e820: [mem 0x00000000fffc0000-0x00000000ffffffff] reserved
[    0.000000] NX (Execute Disable) protection: active
[    0.000000] SMBIOS 2.5 present.
[    0.000000] Hypervisor detected: KVM
[    0.000000] e820: last_pfn = 0x7fff0 max_arch_pfn = 0x400000000
[    0.000000] MTRR: Disabled
[    0.000000] x86/PAT: MTRRs disabled, skipping PAT initialization too.
[    0.000000] CPU MTRRs all blank - virtualized system.
[    0.000000] x86/PAT: Configuration [0-7]: WB  WT  UC- UC  WB  WT  UC- UC  
[    0.000000] found SMP MP-table at [mem 0x0009fff0-0x0009ffff] mapped at [ffff88000009fff0]
[    0.000000] Scanning 1 areas for low memory corruption
[    0.000000] RAMDISK: [mem 0x362dc000-0x37165fff]
[    0.000000] ACPI: Early table checksum verification disabled
[    0.000000] ACPI: RSDP 0x00000000000E0000 000024 (v02 VBOX  )
[    0.000000] ACPI: XSDT 0x000000007FFF0030 00003C (v01 VBOX   VBOXXSDT 00000001 ASL  00000061)
[    0.000000] ACPI: FACP 0x000000007FFF00F0 0000F4 (v04 VBOX   VBOXFACP 00000001 ASL  00000061)
[    0.000000] ACPI: DSDT 0x000000007FFF0470 002325 (v02 VBOX   VBOXBIOS 00000002 INTL 20200925)
[    0.000000] ACPI: FACS 0x000000007FFF0200 000040
[    0.000000] ACPI: FACS 0x000000007FFF0200 000040
[    0.000000] ACPI: APIC 0x000000007FFF0240 000054 (v02 VBOX   VBOXAPIC 00000001 ASL  00000061)
[    0.000000] ACPI: SSDT 0x000000007FFF02A0 0001CC (v01 VBOX   VBOXCPUT 00000002 INTL 20200925)
[    0.000000] No NUMA configuration found
[    0.000000] Faking a node at [mem 0x0000000000000000-0x000000007ffeffff]
[    0.000000] NODE_DATA(0) allocated [mem 0x7ffeb000-0x7ffeffff]
[    0.000000] kvm-clock: Using msrs 4b564d01 and 4b564d00
[    0.000000] kvm-clock: cpu 0, msr 0:7ffe3001, primary cpu clock
[    0.000000] kvm-clock: using sched offset of 4040839736 cycles
[    0.000000] clocksource: kvm-clock: mask: 0xffffffffffffffff max_cycles: 0x1cd42e4dffb, max_idle_ns: 881590591483 ns
[    0.000000] Zone ranges:
[    0.000000]   DMA      [mem 0x0000000000001000-0x0000000000ffffff]
[    0.000000]   DMA32    [mem 0x0000000001000000-0x000000007ffeffff]
[    0.000000]   Normal   empty
[    0.000000]   Device   empty
[    0.000000] Movable zone start for each node
[    0.000000] Early memory node ranges
[    0.000000]   node   0: [mem 0x0000000000001000-0x000000000009efff]
[    0.000000]   node   0: [mem 0x0000000000100000-0x000000007ffeffff]
[    0.000000] Initmem setup node 0 [mem 0x0000000000001000-0x000000007ffeffff]
[    0.000000] ACPI: PM-Timer IO Port: 0x4008
[    0.000000] IOAPIC[0]: apic_id 1, version 32, address 0xfec00000, GSI 0-23
[    0.000000] ACPI: INT_SRC_OVR (bus 0 bus_irq 0 global_irq 2 dfl dfl)
[    0.000000] ACPI: INT_SRC_OVR (bus 0 bus_irq 9 global_irq 9 low level)
[    0.000000] Using ACPI (MADT) for SMP configuration information
[    0.000000] smpboot: Allowing 1 CPUs, 0 hotplug CPUs
[    0.000000] PM: Registered nosave memory: [mem 0x00000000-0x00000fff]
[    0.000000] PM: Registered nosave memory: [mem 0x0009f000-0x0009ffff]
[    0.000000] PM: Registered nosave memory: [mem 0x000a0000-0x000effff]
[    0.000000] PM: Registered nosave memory: [mem 0x000f0000-0x000fffff]
[    0.000000] e820: [mem 0x80000000-0xfebfffff] available for PCI devices
[    0.000000] Booting paravirtualized kernel on KVM
[    0.000000] clocksource: refined-jiffies: mask: 0xffffffff max_cycles: 0xffffffff, max_idle_ns: 7645519600211568 ns
[    0.000000] setup_percpu: NR_CPUS:512 nr_cpumask_bits:512 nr_cpu_ids:1 nr_node_ids:1
[    0.000000] PERCPU: Embedded 33 pages/cpu @ffff88007fc00000 s95192 r8192 d31784 u2097152
[    0.000000] Built 1 zonelists in Node order, mobility grouping on.  Total pages: 515960
[    0.000000] Policy zone: DMA32
[    0.000000] Kernel command line: BOOT_IMAGE=/boot/vmlinuz-4.4.0-210-generic root=LABEL=cloudimg-rootfs ro console=tty1 console=ttyS0
[    0.000000] PID hash table entries: 4096 (order: 3, 32768 bytes)
[    0.000000] Memory: 2030116K/2096696K available (8644K kernel code, 1332K rwdata, 4044K rodata, 1492K init, 1164K bss, 66580K reserved, 0K cma-reserved)
[    0.000000] SLUB: HWalign=64, Order=0-3, MinObjects=0, CPUs=1, Nodes=1
[    0.000000] Kernel/User page tables isolation: enabled
[    0.000000] Hierarchical RCU implementation.
[    0.000000] 	Build-time adjustment of leaf fanout to 64.
[    0.000000] 	RCU restricting CPUs from NR_CPUS=512 to nr_cpu_ids=1.
[    0.000000] RCU: Adjusting geometry for rcu_fanout_leaf=64, nr_cpu_ids=1
[    0.000000] NR_IRQS:33024 nr_irqs:256 16
[    0.000000] Console: colour VGA+ 80x25
[    0.000000] console [tty1] enabled
[    0.000000] console [ttyS0] enabled
[    0.000000] tsc: Detected 1895.693 MHz processor
[    0.280654] Calibrating delay loop (skipped) preset value.. 3791.38 BogoMIPS (lpj=7582772)
[    0.284048] pid_max: default: 32768 minimum: 301
[    0.286399] ACPI: Core revision 20150930
[    0.289608] ACPI: 2 ACPI AML tables successfully acquired and loaded
[    0.293080] Security Framework initialized
[    0.294916] Yama: becoming mindful.
[    0.296666] AppArmor: AppArmor initialized
[    0.299593] Dentry cache hash table entries: 262144 (order: 9, 2097152 bytes)
[    0.304932] Inode-cache hash table entries: 131072 (order: 8, 1048576 bytes)
[    0.309801] Mount-cache hash table entries: 4096 (order: 3, 32768 bytes)
[    0.312902] Mountpoint-cache hash table entries: 4096 (order: 3, 32768 bytes)
[    0.316021] Initializing cgroup subsys io
[    0.317871] Initializing cgroup subsys memory
[    0.319562] Initializing cgroup subsys devices
[    0.321273] Initializing cgroup subsys freezer
[    0.322919] Initializing cgroup subsys net_cls
[    0.324715] Initializing cgroup subsys perf_event
[    0.326408] Initializing cgroup subsys net_prio
[    0.328231] Initializing cgroup subsys hugetlb
[    0.329837] Initializing cgroup subsys pids
[    0.331684] mce: CPU supports 0 MCE banks
[    0.333263] process: using mwait in idle threads
[    0.335000] Last level iTLB entries: 4KB 512, 2MB 8, 4MB 8
[    0.337243] Last level dTLB entries: 4KB 512, 2MB 32, 4MB 32, 1GB 0
[    0.339461] Spectre V1 : Mitigation: usercopy/swapgs barriers and __user pointer sanitization
[    0.342861] Spectre V2 : Mitigation: Full generic retpoline
[    0.345379] Spectre V2 : Spectre v2 / SpectreRSB mitigation: Filling RSB on context switch
[    0.348833] Speculative Store Bypass: Vulnerable
[    0.350781] MDS: Mitigation: Clear CPU buffers
[    0.410063] Freeing SMP alternatives memory: 36K
[    0.423212] ftrace: allocating 32380 entries in 127 pages
[    0.536026] smpboot: APIC(0) Converting physical 0 to logical package 0
[    0.538781] smpboot: Max logical packages: 1
[    0.541099] x2apic enabled
[    0.542753] Switched APIC routing to physical x2apic.
[    0.546650] ..TIMER: vector=0x30 apic1=0 pin1=2 apic2=-1 pin2=-1
[    0.657024] smpboot: CPU0: Intel(R) Xeon(R) CPU E5-2420 0 @ 1.90GHz (family: 0x6, model: 0x2d, stepping: 0x7)
[    0.660948] Performance Events: unsupported p6 CPU model 45 no PMU driver, software events only.
[    0.683713] KVM setup paravirtual spinlock
[    0.688192] x86: Booted up 1 node, 1 CPUs
[    0.689937] smpboot: Total of 1 processors activated (3791.38 BogoMIPS)
[    0.694493] devtmpfs: initialized
[    0.699545] evm: security.selinux
[    0.701352] evm: security.SMACK64
[    0.702910] evm: security.SMACK64EXEC
[    0.704618] evm: security.SMACK64TRANSMUTE
[    0.706403] evm: security.SMACK64MMAP
[    0.708019] evm: security.ima
[    0.709455] evm: security.capability
[    0.711367] clocksource: jiffies: mask: 0xffffffff max_cycles: 0xffffffff, max_idle_ns: 7645041785100000 ns
[    0.716004] futex hash table entries: 256 (order: 2, 16384 bytes)
[    0.718687] pinctrl core: initialized pinctrl subsystem
[    0.721079] RTC time: 23:54:24, date: 09/05/22
[    0.723374] NET: Registered protocol family 16
[    0.725784] cpuidle: using governor ladder
[    0.727768] cpuidle: using governor menu
[    0.729729] PCCT header not found.
[    0.731505] ACPI: bus type PCI registered
[    0.733478] acpiphp: ACPI Hot Plug PCI Controller Driver version: 0.5
[    0.736518] PCI: Using configuration type 1 for base access
[    0.740584] ACPI: Added _OSI(Module Device)
[    0.742718] ACPI: Added _OSI(Processor Device)
[    0.744816] ACPI: Added _OSI(3.0 _SCP Extensions)
[    0.747044] ACPI: Added _OSI(Processor Aggregator Device)
[    0.750252] ACPI: Executed 1 blocks of module-level executable AML code
[    0.755543] ACPI: Interpreter enabled
[    0.757067] ACPI: (supports S0 S5)
[    0.758333] ACPI: Using IOAPIC for interrupt routing
[    0.760769] PCI: Using host bridge windows from ACPI; if necessary, use "pci=nocrs" and report a bug
[    0.770532] ACPI: PCI Root Bridge [PCI0] (domain 0000 [bus 00-ff])
[    0.772733] acpi PNP0A03:00: _OSC: OS supports [ASPM ClockPM Segments MSI]
[    0.775924] acpi PNP0A03:00: _OSC: not requesting OS control; OS requires [ExtendedConfig ASPM ClockPM MSI]
[    0.780185] acpi PNP0A03:00: fail to add MMCONFIG information, can't access extended PCI configuration space under this bridge.
[    0.785759] PCI host bridge to bus 0000:00
[    0.787646] pci_bus 0000:00: root bus resource [io  0x0000-0x0cf7 window]
[    0.790475] pci_bus 0000:00: root bus resource [io  0x0d00-0xffff window]
[    0.793439] pci_bus 0000:00: root bus resource [mem 0x000a0000-0x000bffff window]
[    0.796935] pci_bus 0000:00: root bus resource [mem 0x80000000-0xfdffffff window]
[    0.800576] pci_bus 0000:00: root bus resource [bus 00-ff]
[    0.806023] pci 0000:00:01.1: legacy IDE quirk: reg 0x10: [io  0x01f0-0x01f7]
[    0.809160] pci 0000:00:01.1: legacy IDE quirk: reg 0x14: [io  0x03f6]
[    0.812134] pci 0000:00:01.1: legacy IDE quirk: reg 0x18: [io  0x0170-0x0177]
[    0.816828] pci 0000:00:01.1: legacy IDE quirk: reg 0x1c: [io  0x0376]
[    0.847066] pci 0000:00:07.0: quirk: [io  0x4000-0x403f] claimed by PIIX4 ACPI
[    0.866365] pci 0000:00:07.0: quirk: [io  0x4100-0x410f] claimed by PIIX4 SMB
[    0.886364] ACPI: PCI Interrupt Link [LNKA] (IRQs 5 9 10 *11)
[    0.889483] ACPI: PCI Interrupt Link [LNKB] (IRQs 5 9 *10 11)
[    0.892150] ACPI: PCI Interrupt Link [LNKC] (IRQs 5 *9 10 11)
[    0.895305] ACPI: PCI Interrupt Link [LNKD] (IRQs 5 9 10 *11)
[    0.898737] ACPI: Enabled 2 GPEs in block 00 to 07
[    0.901428] vgaarb: setting as boot device: PCI:0000:00:02.0
[    0.903399] vgaarb: device added: PCI:0000:00:02.0,decodes=io+mem,owns=io+mem,locks=none
[    0.907019] vgaarb: loaded
[    0.908549] vgaarb: bridge control possible 0000:00:02.0
[    0.911370] SCSI subsystem initialized
[    0.913471] ACPI: bus type USB registered
[    0.915093] usbcore: registered new interface driver usbfs
[    0.917100] usbcore: registered new interface driver hub
[    0.918987] usbcore: registered new device driver usb
[    0.921137] PCI: Using ACPI for IRQ routing
[    0.923178] NetLabel: Initializing
[    0.924575] NetLabel:  domain hash size = 128
[    0.928086] NetLabel:  protocols = UNLABELED CIPSOv4
[    0.929977] NetLabel:  unlabeled traffic allowed by default
[    0.931890] amd_nb: Cannot enumerate AMD northbridges
[    0.933784] clocksource: Switched to clocksource kvm-clock
[    0.945544] AppArmor: AppArmor Filesystem Enabled
[    0.947524] pnp: PnP ACPI init
[    0.950119] pnp: PnP ACPI: found 3 devices
[    0.960270] clocksource: acpi_pm: mask: 0xffffff max_cycles: 0xffffff, max_idle_ns: 2085701024 ns
[    0.963487] NET: Registered protocol family 2
[    0.965323] TCP established hash table entries: 16384 (order: 5, 131072 bytes)
[    0.968055] TCP bind hash table entries: 16384 (order: 6, 262144 bytes)
[    0.971101] TCP: Hash tables configured (established 16384 bind 16384)
[    0.973253] UDP hash table entries: 1024 (order: 3, 32768 bytes)
[    0.975264] UDP-Lite hash table entries: 1024 (order: 3, 32768 bytes)
[    0.977731] NET: Registered protocol family 1
[    0.979345] pci 0000:00:00.0: Limiting direct PCI/PCI transfers
[    0.981323] pci 0000:00:01.0: Activating ISA DMA hang workarounds
[    0.983813] Unpacking initramfs...
[    1.343671] Freeing initrd memory: 14888K
[    1.345714] RAPL PMU detected, API unit is 2^-32 Joules, 3 fixed counters 10737418240 ms ovfl timer
[    1.349190] hw unit of domain pp0-core 2^-0 Joules
[    1.351006] hw unit of domain package 2^-0 Joules
[    1.352725] hw unit of domain dram 2^-0 Joules
[    1.354515] clocksource: tsc: mask: 0xffffffffffffffff max_cycles: 0x36a68ea8fe5, max_idle_ns: 881590678518 ns
[    1.358148] platform rtc_cmos: registered platform RTC device (no PNP device found)
[    1.361223] Scanning for low memory corruption every 60 seconds
[    1.363874] audit: initializing netlink subsys (disabled)
[    1.365820] audit: type=2000 audit(1662422070.856:1): initialized
[    1.368585] Initialise system trusted keyring
[    1.370424] HugeTLB registered 2 MB page size, pre-allocated 0 pages
[    1.374831] zbud: loaded
[    1.376470] VFS: Disk quotas dquot_6.6.0
[    1.378954] VFS: Dquot-cache hash table entries: 512 (order 0, 4096 bytes)
[    1.381623] squashfs: version 4.0 (2009/01/31) Phillip Lougher
[    1.384052] fuse init (API version 7.23)
[    1.385717] Key type big_key registered
[    1.387297] Allocating IMA MOK and blacklist keyrings.
[    1.389537] Key type asymmetric registered
[    1.391109] Asymmetric key parser 'x509' registered
[    1.392917] Block layer SCSI generic (bsg) driver version 0.4 loaded (major 249)
[    1.395819] io scheduler noop registered
[    1.397336] io scheduler deadline registered (default)
[    1.399237] io scheduler cfq registered
[    1.400892] pci_hotplug: PCI Hot Plug PCI Core version: 0.5
[    1.402910] pciehp: PCI Express Hot Plug Controller Driver version: 0.4
[    1.405380] ACPI: AC Adapter [AC] (on-line)
[    1.407077] input: Power Button as /devices/LNXSYSTM:00/LNXPWRBN:00/input/input0
[    1.409777] ACPI: Power Button [PWRF]
[    1.411396] input: Sleep Button as /devices/LNXSYSTM:00/LNXSLPBN:00/input/input1
[    1.413978] ACPI: Sleep Button [SLPF]
[    1.415849] GHES: HEST is not enabled!
[    1.417383] Serial: 8250/16550 driver, 32 ports, IRQ sharing enabled
[    1.440620] 00:02: ttyS0 at I/O 0x3f8 (irq = 4, base_baud = 115200) is a 16550A
[    1.445609] Linux agpgart interface v0.103
[    1.450443] loop: module loaded
[    1.452569] scsi host0: ata_piix
[    1.453937] scsi host1: ata_piix
[    1.455331] ata1: PATA max UDMA/33 cmd 0x1f0 ctl 0x3f6 bmdma 0xd000 irq 14
[    1.457536] ata2: PATA max UDMA/33 cmd 0x170 ctl 0x376 bmdma 0xd008 irq 15
[    1.460568] libphy: Fixed MDIO Bus: probed
[    1.462193] tun: Universal TUN/TAP device driver, 1.6
[    1.464115] tun: (C) 1999-2004 Max Krasnyansky <maxk@qualcomm.com>
[    1.466370] PPP generic driver version 2.4.2
[    1.468143] ehci_hcd: USB 2.0 'Enhanced' Host Controller (EHCI) Driver
[    1.470564] ehci-pci: EHCI PCI platform driver
[    1.472273] ehci-platform: EHCI generic platform driver
[    1.474189] ohci_hcd: USB 1.1 'Open' Host Controller (OHCI) Driver
[    1.476615] ohci-pci: OHCI PCI platform driver
[    1.478795] ohci-platform: OHCI generic platform driver
[    1.482944] uhci_hcd: USB Universal Host Controller Interface driver
[    1.487311] i8042: PNP: PS/2 Controller [PNP0303:PS2K,PNP0f03:PS2M] at 0x60,0x64 irq 1,12
[    1.491436] serio: i8042 KBD port at 0x60,0x64 irq 1
[    1.493336] serio: i8042 AUX port at 0x60,0x64 irq 12
[    1.495438] mousedev: PS/2 mouse device common for all mice
[    1.497930] input: AT Translated Set 2 keyboard as /devices/platform/i8042/serio0/input/input2
[    1.501634] rtc_cmos rtc_cmos: rtc core: registered rtc_cmos as rtc0
[    1.504115] rtc_cmos rtc_cmos: alarms up to one day, 114 bytes nvram
[    1.506488] i2c /dev entries driver
[    1.507925] device-mapper: uevent: version 1.0.3
[    1.509828] device-mapper: ioctl: 4.34.0-ioctl (2015-10-28) initialised: dm-devel@redhat.com
[    1.513082] ledtrig-cpu: registered to indicate activity on CPUs
[    1.515671] NET: Registered protocol family 10
[    1.517520] NET: Registered protocol family 17
[    1.519174] Key type dns_resolver registered
[    1.521068] registered taskstats version 1
[    1.522781] Loading compiled-in X.509 certificates
[    1.526148] Loaded X.509 cert 'Build time autogenerated kernel key: cf00e047681d67edb2720680708b7d9498083038'
[    1.530709] zswap: loaded using pool lzo/zbud
[    1.536140] Key type trusted registered
[    1.544816] Key type encrypted registered
[    1.546719] AppArmor: AppArmor sha1 policy hashing enabled
[    1.548870] ima: No TPM chip found, activating TPM-bypass!
[    1.551081] ima: Allocated hash algorithm: sha1
[    1.552871] evm: HMAC attrs: 0x1
[    1.554770]   Magic number: 6:725:958
[    1.556340] rtc_cmos rtc_cmos: setting system clock to 2022-09-05 23:54:25 UTC (1662422065)
[    1.559585] BIOS EDD facility v0.16 2004-Jun-25, 0 devices found
[    1.562033] EDD information not available.
[    1.642076] Freeing unused kernel memory: 1492K
[    1.645124] Write protecting the kernel read-only data: 14336k
[    1.649304] Freeing unused kernel memory: 1584K
[    1.651804] Freeing unused kernel memory: 52K
Loading, please wait...
starting version 229
[    1.685366] random: udevadm: uninitialized urandom read (16 bytes read, 3 bits of entropy available)
[    1.689968] random: systemd-udevd: uninitialized urandom read (16 bytes read, 3 bits of entropy available)
[    1.693967] random: systemd-udevd: uninitialized urandom read (16 bytes read, 3 bits of entropy available)
[    1.699357] random: udevadm: uninitialized urandom read (16 bytes read, 3 bits of entropy available)
[    1.705736] random: systemd-udevd: uninitialized urandom read (16 bytes read, 3 bits of entropy available)
[    1.736191] random: systemd-udevd: uninitialized urandom read (16 bytes read, 3 bits of entropy available)
[    1.760178] random: systemd-udevd: uninitialized urandom read (16 bytes read, 3 bits of entropy available)
[    1.766206] random: systemd-udevd: uninitialized urandom read (16 bytes read, 3 bits of entropy available)
[    1.771911] random: systemd-udevd: uninitialized urandom read (16 bytes read, 3 bits of entropy available)
[    1.783474] random: udevadm: uninitialized urandom read (16 bytes read, 3 bits of entropy available)
[    1.967586] e1000: Intel(R) PRO/1000 Network Driver - version 7.3.21-k8-NAPI
[    1.973629] e1000: Copyright (c) 1999-2006 Intel Corporation.
[    1.997340] Fusion MPT base driver 3.04.20
[    2.000472] Copyright (c) 1999-2008 LSI Corporation
[    2.074671] Fusion MPT SPI Host driver 3.04.20
[    2.156835] AVX version of gcm_enc/dec engaged.
[    2.159227] AES CTR mode by8 optimization enabled
[    2.256152] input: ImExPS/2 Generic Explorer Mouse as /devices/platform/i8042/serio1/input/input4
[    2.593238] e1000 0000:00:03.0 eth0: (PCI:33MHz:32-bit) 02:be:82:6b:cc:1d
[    2.595664] e1000 0000:00:03.0 eth0: Intel(R) PRO/1000 Network Connection
[    2.598811] mptbase: ioc0: Initiating bringup
[    2.662280] ioc0: LSI53C1030 A0: Capabilities={Initiator}
[    2.825634] scsi host2: ioc0: LSI53C1030 A0, FwRev=00000000h, Ports=1, MaxQ=256, IRQ=20
[    2.945664] scsi 2:0:0:0: Direct-Access     VBOX     HARDDISK         1.0  PQ: 0 ANSI: 5
[    2.950616] scsi target2:0:0: Beginning Domain Validation
[    2.956662] scsi target2:0:0: Domain Validation skipping write tests
[    2.960324] scsi target2:0:0: Ending Domain Validation
[    2.963524] scsi target2:0:0: asynchronous
[    2.966844] scsi 2:0:1:0: Direct-Access     VBOX     HARDDISK         1.0  PQ: 0 ANSI: 5
[    2.971798] scsi target2:0:1: Beginning Domain Validation
[    3.061258] scsi target2:0:1: Domain Validation skipping write tests
[    3.063586] scsi target2:0:1: Ending Domain Validation
[    3.070197] scsi target2:0:1: asynchronous
[    3.200923] sd 2:0:0:0: Attached scsi generic sg0 type 0
[    3.203120] sd 2:0:0:0: [sda] 83886080 512-byte logical blocks: (42.9 GB/40.0 GiB)
[    3.207488] sd 2:0:1:0: [sdb] 20480 512-byte logical blocks: (10.5 MB/10.0 MiB)
[    3.211452] sd 2:0:1:0: Attached scsi generic sg1 type 0
[    3.220986] sd 2:0:1:0: [sdb] Write Protect is off
[    3.223632] sd 2:0:0:0: [sda] Write Protect is off
[    3.226627] sd 2:0:1:0: [sdb] Incomplete mode parameter data
[    3.229365] sd 2:0:1:0: [sdb] Assuming drive cache: write through
[    3.232469] sd 2:0:0:0: [sda] Incomplete mode parameter data
[    3.235293] sd 2:0:0:0: [sda] Assuming drive cache: write through
[    3.249742]  sda: sda1
[    3.252552] sd 2:0:0:0: [sda] Attached SCSI disk
[    3.255118] sd 2:0:1:0: [sdb] Attached SCSI disk
[    3.476836] e1000 0000:00:08.0 eth1: (PCI:33MHz:32-bit) 08:00:27:28:bb:29
[    3.480258] e1000 0000:00:08.0 eth1: Intel(R) PRO/1000 Network Connection
[    3.485855] e1000 0000:00:08.0 enp0s8: renamed from eth1
[    3.492161] e1000 0000:00:03.0 enp0s3: renamed from eth0
Begin: Loading essential drivers ... [    5.063189] md: linear personality registered for level -1
[    5.071567] md: multipath personality registered for level -4
[    5.079591] md: raid0 personality registered for level 0
[    5.089214] md: raid1 personality registered for level 1
[    5.185515] raid6: sse2x1   gen()  5992 MB/s
[    5.255288] raid6: sse2x1   xor()  3733 MB/s
[    5.342003] raid6: sse2x2   gen()  6706 MB/s
[    5.432109] raid6: sse2x2   xor()  4956 MB/s
[    5.528133] raid6: sse2x4   gen()  8514 MB/s
[    5.608407] raid6: sse2x4   xor()  5204 MB/s
[    5.610092] raid6: using algorithm sse2x4 gen() 8514 MB/s
[    5.611900] raid6: .... xor() 5204 MB/s, rmw enabled
[    5.614653] raid6: using ssse3x2 recovery algorithm
[    5.620421] xor: automatically using best checksumming function:
[    5.780114]    avx       : 47135.000 MB/sec
[    5.785763] async_tx: api initialized (async)
[    5.814205] md: raid6 personality registered for level 6
[    5.816256] md: raid5 personality registered for level 5
[    5.818017] md: raid4 personality registered for level 4
[    5.833037] md: raid10 personality registered for level 10
done.
Begin: Running /scripts/init-premount ... done.
Begin: Mounting root file system ... Begin: Running /scripts/local-top ... done.
Begin: Running /scripts/local-premount ... [    5.900002] Btrfs loaded
Scanning for Btrfs filesystems
done.
Warning: fsck not present, so skipping root file system
[    5.960612] EXT4-fs (sda1): mounted filesystem with ordered data mode. Opts: (null)
done.
Begin: Running /scripts/local-bottom ... done.
Begin: Running /scripts/init-bottom ... done.
[    6.172803] systemd[1]: systemd 229 running in system mode. (+PAM +AUDIT +SELINUX +IMA +APPARMOR +SMACK +SYSVINIT +UTMP +LIBCRYPTSETUP +GCRYPT +GNUTLS +ACL +XZ -LZ4 +SECCOMP +BLKID +ELFUTILS +KMOD -IDN)
[    6.183770] systemd[1]: Detected virtualization oracle.
[    6.186318] systemd[1]: Detected architecture x86-64.

Welcome to [1mUbuntu 16.04.7 LTS[0m!

[    6.195282] systemd[1]: Set hostname to <ubuntu>.
[    6.203809] systemd[1]: Initializing machine ID from random generator.
[    6.207108] systemd[1]: Installed transient /etc/machine-id file.
[    6.553761] systemd[1]: Created slice System Slice.
[[0;32m  OK  [0m] Created slice System Slice.
[    6.558446] systemd[1]: Listening on Journal Socket.
[[0;32m  OK  [0m] Listening on Journal Socket.
[    6.563092] systemd[1]: Created slice system-serial\x2dgetty.slice.
[[0;32m  OK  [0m] Created slice system-serial\x2dgetty.slice.
[    6.568665] systemd[1]: Started Trigger resolvconf update for networkd DNS.
[[0;32m  OK  [0m] Started Trigger resolvconf update for networkd DNS.
[    6.575288] systemd[1]: Mounting POSIX Message Queue File System...
         Mounting POSIX Message Queue File System...
[    6.585265] systemd[1]: Starting Set console keymap...
         Starting Set console keymap...
[    6.599062] systemd[1]: Starting Load Kernel Modules...
         Starting Load Kernel Modules...
[    6.609218] systemd[1]: Listening on Journal Audit Socket.
[[0;32m  OK  [0m] Listening on Journal Audit Socket.
[    6.618538] systemd[1]: Starting Uncomplicated firewall...
         Starting Uncomplicated firewall...
[    6.638924] systemd[1]: Listening on udev Control Socket.
[[0;32m  OK  [0m] Listening on udev Control Socket.
[    6.643639] systemd[1]: Listening on udev Kernel Socket.
[[0;32m  OK  [0m] Listening on udev Kernel Socket.
[    6.647122] systemd[1]: Reached target Swap.
[[0;32m  OK  [0m] Reached target Swap.
[    6.650290] systemd[1]: Reached target Encrypted Volumes.
[[0;32m  OK  [0m] Reached target Encrypted Volumes.
[    6.658014] systemd[1]: Mounting Huge Pages File System...
         Mounting Huge Pages File System...
[    6.669649] systemd[1]: Listening on Journal Socket (/dev/log).
[[0;32m  OK  [0m] Listening on Journal Socket (/dev/log).
[    6.682861] systemd[1]: Listening on fsck to fsckd communication Socket.
[[0;32m  OK  [0m] Listening on fsck to fsckd communication Socket.
[    6.687712] systemd[1]: Starting File System Check on Root Device...
         Starting File System Check on Root Device...
[    6.695076] systemd[1]: Set up automount Arbitrary Executable File Formats File System Automount Point.
[[0;32m  OK  [0m] Set up automount Arbitrary Executab...ats File System Automount Point.
[    6.709081] systemd[1]: Listening on LVM2 poll daemon socket.
[[0;32m  OK  [0m] Listening on LVM2 poll daemon socket.
[    6.714170] systemd[1]: Listening on /dev/initctl Compatibility Named Pipe.
[[0;32m  OK  [0m] Listening on /dev/initctl Compatibility Named Pipe.
[    6.735697] Loading iSCSI transport class v2.0-870.
[    6.755977] systemd[1]: Starting Nameserver information manager...
         Starting Nameserver information manager...
[    6.767454] systemd[1]: Mounting Debug File System...
         Mounting Debug File System...
[    6.771126] iscsi: registered transport (tcp)
[    6.776771] systemd[1]: Started Forward Password Requests to Wall Directory Watch.
[[0;32m  OK  [0m] Started Forward Password Requests to Wall Directory Watch.
[    6.793276] systemd[1]: Starting Create list of required static device nodes for the current kernel...
         Starting Create list of required st... nodes for the current kernel...
[    6.819354] systemd[1]: Listening on Syslog Socket.
[[0;32m  OK  [0m] Listening on Syslog Socket.
[    6.824960] systemd[1]: Starting Journal Service...
         Starting Journal Service...
[    6.830477] systemd[1]: Created slice User and Session Slice.
[[0;32m  OK  [0m] Created slice User and Session Slice.
[    6.841238] systemd[1]: Reached target Slices.
[[0;32m  OK  [0m] Reached target Slices.
[    6.856101] systemd[1]: Listening on Device-mapper event daemon FIFOs.
[[0;32m  OK  [0m] Listening on Device-mapper event daemon FIFOs.
[    6.862201] systemd[1]: Reached target System Time Synchronized.
[[0;32m  OK  [0m] Reached target System Time Synchronized.
[    6.873794] systemd[1]: Reached target User and Group Name Lookups.
[[0;32m  OK  [0m] Reached target User and Group Name Lookups.
[    6.881973] systemd[1]: Listening on LVM2 metadata daemon socket.
[[0;32m  OK  [0m] Listening on LVM2 metadata daemon socket.
[    6.903661] systemd[1]: Starting Monitoring of LVM2 mirrors, snapshots etc. using dmeventd or progress polling...
         Starting Monitoring of LVM2 mirrors... dmeventd or progress polling...
[    6.916763] systemd[1]: Mounted Huge Pages File System.
[[0;32m  OK  [0m] Mounted Huge Pages File System.
[    6.922093] systemd[1]: Mounted POSIX Message Queue File System.
[[0;32m  OK  [0m] Mounted POSIX Message Queue File System.
[    6.930129] systemd[1]: Mounted Debug File System.
[[0;32m  OK  [0m] Mounted Debug File System.
[    6.939341] systemd[1]: Started Set console keymap.
[[0;32m  OK  [0m] Started Set console keymap.
[    6.953092] systemd[1]: Started Uncomplicated firewall.
[[0;32m  OK  [0m] Started Uncomplicated firewall.
[    6.957622] systemd[1]: Started File System Check on Root Device.
[[0;32m  OK  [0m] Started File System Check on Root Device.
[    6.964027] systemd[1]: Started Create list of required static device nodes for the current kernel.
[[0;32m  OK  [0m] [    6.970783] random: nonblocking pool is initialized
Started Create list of required sta...ce nodes for the current kernel.
[    6.979147] systemd[1]: Started Journal Service.
[[0;32m  OK  [0m] Started Journal Service.
[[0;32m  OK  [0m] Started File System Check Daemon to report status.
         Starting Create Static Device Nodes in /dev...
         Starting Remount Root and Kernel File Systems...
[[0;32m  OK  [0m] Started Nameserver information manager.
[[0;32m  OK  [0m] Started LVM2 metadata daemon.
[    7.056971] EXT4-fs (sda1): re-mounted. Opts: (null)
[[0;32m  OK  [0m] Started Remount Root and Kernel File Systems.
         Starting Load/Save Random Seed...
[    7.077354] iscsi: registered transport (iser)
         Starting Flush Journal to Persistent Storage...
         Starting udev Coldplug all Devices...
[[0;32m  OK  [0m] Started Load/Save Random Seed.
[    7.115916] systemd-journald[389]: Received request to flush runtime journal from PID 1
[[0;32m  OK  [0m] Started Create Static Device Nodes in /dev.
         Starting udev Kernel Device Manager...
[[0;32m  OK  [0m] Started Load Kernel Modules.
         Mounting FUSE Control File System...
         Starting Apply Kernel Variables...
[[0;32m  OK  [0m] Mounted FUSE Control File System.
[[0;32m  OK  [0m] Started Flush Journal to Persistent Storage.
[[0;32m  OK  [0m] Started Apply Kernel Variables.
[[0;32m  OK  [0m] Started udev Kernel Device Manager.
[[0;32m  OK  [0m] Started Monitoring of LVM2 mirrors,...ng dmeventd or progress polling.
[[0;32m  OK  [0m] Reached target Local File Systems (Pre).
[[0;32m  OK  [0m] Reached target Local File Systems.
         Starting LSB: AppArmor initialization...
         Starting Commit a transient machine-id on disk...
         Starting Initial cloud-init job (pre-networking)...
         Starting Create Volatile Files and Directories...
         Starting Tell Plymouth To Write Out Runtime Data...
         Starting Set console font and keymap...
[[0;32m  OK  [0m] Started Commit a transient machine-id on disk.
[[0;32m  OK  [0m] Started Tell Plymouth To Write Out Runtime Data.
[[0;32m  OK  [0m] Started Create Volatile Files and Directories.
         Starting Update UTMP about System Boot/Shutdown...
[[0;32m  OK  [0m] Started Update UTMP about System Boot/Shutdown.
[[0;32m  OK  [0m] Started udev Coldplug all Devices.
[[0;32m  OK  [0m] Started Dispatch Password Requests to Console Directory Watch.
[[0;32m  OK  [0m] Found device /dev/ttyS0.
[[0;32m  OK  [0m] Started Set console font and keymap.
[[0;32m  OK  [0m] Created slice system-getty.slice.
[[0;32m  OK  [0m] Listening on Load/Save RF Kill Switch Status /dev/rfkill Watch.
[   11.222086] cloud-init[485]: Cloud-init v. 21.1-19-gbad84ad4-0ubuntu1~16.04.2 running 'init-local' at Mon, 05 Sep 2022 23:54:34 +0000. Up 9.79 seconds.[[0;32m  OK  [0m] Started Initial cloud-init job (pre-networking).

[[0;32m  OK  [0m] Reached target Network (Pre).
[[0;32m  OK  [0m] Started LSB: AppArmor initialization.
         Starting Load AppArmor profiles managed internally by snapd...
         Starting Raise network interfaces...
[[0;32m  OK  [0m] Started Load AppArmor profiles managed internally by snapd.
[[0;32m  OK  [0m] Started Raise network interfaces.
[[0;32m  OK  [0m] Reached target Network.
         Starting Initial cloud-init job (metadata service crawler)...
[   14.441809] cloud-init[964]: Cloud-init v. 21.1-19-gbad84ad4-0ubuntu1~16.04.2 running 'init' at Mon, 05 Sep 2022 23:54:37 +0000. Up 12.95 seconds.
[   14.448515] cloud-init[964]: ci-info: ++++++++++++++++++++++++++++++++++++++Net device info+++++++++++++++++++++++++++++++++++++++
[   14.468561] cloud-init[964]: ci-info: +--------+-------+----------------------------+---------------+--------+-------------------+
[   14.471672] cloud-init[964]: ci-info: | Device |   Up  |          Address           |      Mask     | Scope  |     Hw-Address    |
[   14.474882] cloud-init[964]: ci-info: +--------+-------+----------------------------+---------------+--------+-------------------+
[   14.477927] cloud-init[964]: ci-info: | enp0s3 |  True |         10.0.2.15          | 255.255.255.0 | global | 02:be:82:6b:cc:1d |
[   14.481203] cloud-init[964]: ci-info: | enp0s3 |  True | fe80::be:82ff:fe6b:cc1d/64 |       .       |  link  | 02:be:82:6b:cc:1d |
[   14.487157] cloud-init[964]: ci-info: | enp0s8 | False |             .              |       .       |   .    | 08:00:27:28:bb:29 |
[   14.507313] cloud-init[964]: ci-info: |   lo   |  True |         127.0.0.1          |   255.0.0.0   |  host  |         .         |
[   14.511556] cloud-init[964]: ci-info: |   lo   |  True |          ::1/128           |       .       |  host  |         .         |
[   14.515872] cloud-init[964]: ci-info: +--------+-------+----------------------------+---------------+--------+-------------------+
[   14.527158] cloud-init[964]: ci-info: +++++++++++++++++++++++++++Route IPv4 info++++++++++++++++++++++++++++
[   14.531200] cloud-init[964]: ci-info: +-------+-------------+----------+---------------+-----------+-------+
[   14.535537] cloud-init[964]: ci-info: | Route | Destination | Gateway  |    Genmask    | Interface | Flags |
[   14.557136] cloud-init[964]: ci-info: +-------+-------------+----------+---------------+-----------+-------+
[   14.569735] cloud-init[964]: ci-info: |   0   |   0.0.0.0   | 10.0.2.2 |    0.0.0.0    |   enp0s3  |   UG  |
[   14.574132] cloud-init[964]: ci-info: |   1   |   10.0.2.0  | 0.0.0.0  | 255.255.255.0 |   enp0s3  |   U   |
[   14.588182] cloud-init[964]: ci-info: +-------+-------------+----------+---------------+-----------+-------+
[   14.592647] cloud-init[964]: ci-info: +++++++++++++++++++Route IPv6 info+++++++++++++++++++
[[0;32m  OK  [0m] Started Initial cloud-init job (metadata service crawler).[   14.602467] cloud-init[964]: ci-info: +-------+-------------+---------+-----------+-------+
[[0;32m  OK  [0m
[   14.608737] cloud-init[964]: ci-info: | Route | Destination | Gateway | Interface | Flags |] Reached target Network is Online.
         Starting iSCSI initiator daemon (iscsid)...

[   14.622157] cloud-init[964]: ci-info: +-------+-------------+---------+-----------+-------+
[[0;32m  OK  [0m] Reached target Cloud-config availability.
[   14.632641] cloud-init[964]: ci-info: |   0   |  fe80::/64  |    ::   |   enp0s3  |   U   |
[   14.633447] cloud-init[964]: ci-info: |   3   |   ff00::/8  |    ::   |   enp0s3  |   U   |
[   14.633635] cloud-init[964]: ci-info: +-------+-------------+---------+-----------+-------+
[[0;32m  OK  [0m] Reached target System Initialization.
[[0;32m  OK  [0m] Listening on UUID daemon activation socket.
[   14.648987] cloud-init[964]: Generating public/private rsa key pair.
[   14.661555] cloud-init[964]: Your identification has been saved in /etc/ssh/ssh_host_rsa_key.
[[0;32m  OK  [0m] Started Daily apt download activities.
[[0;32m  OK  [0m] Started Ubuntu Advantage update messaging.
[   14.668327] [[0;32m  OK  [0m] Started Message of the Day.
[[0;32m  OK  [0m] Started Daily apt upgrade and clean activities.
[[0;32m  OK  [0mcloud-init[964]: Your public key has been saved in /etc/ssh/ssh_host_rsa_key.pub.
[   14.686596] cloud-init[964]: The key fingerprint is:
] Listening on D-Bus System Message Bus Socket.
[   14.692316] cloud-init[964]: SHA256:EZEAmVsZRO15Ls/drdgXnLrzXF0MznuomkMaUW0og+g root@ubuntu-xenial
[   14.695260] cloud-init[964]: [[0;32m  OK  [0m] Listening on ACPID Listen Socket.
The key's randomart image is:
         Starting LXD - unix socket.
[   14.701228] cloud-init[964]: +---[RSA 2048]----+
[   14.704269] cloud-init[964]: |    .B=*oo o     |
[[0;32m  OK  [0m] Started Daily Cleanup of Temporary Directories.
[   14.708058] cloud-init[964]: |    + + =.o o    |
[[0;32m  OK  [0m] Reached target Timers.
[   14.711698] cloud-init[964]: |   . o ..= .  .  |
         Starting Socket activation for snappy daemon.
[   14.715492] cloud-init[964]: |    E   +..  o o |
[   14.717556] cloud-init[964]: |        S+    + +|
[[0;32m  OK  [0m] Started ACPI Events Check.
[[0;32m  OK  [0m] Reached target Paths.
[   14.719474] cloud-init[964]: |        o o    *o|
[   14.725917] cloud-init[964]: |         B . .+.=|
[   14.728420] cloud-init[964]: |        . +..*o.+|
[[0;32m  OK  [0m] Listening on LXD - unix socket.[   14.733190] cloud-init[964]: |          ooo.*= |
[   14.734612] cloud-init[964]: +----[SHA256]-----+

[[0;32m  OK  [0m] Listening on Socket activation for snappy daemon.
[   14.740212] cloud-init[[0;32m  OK  [0m] Reached target Sockets.
[[0;32m  OK  [0m] Reached target Basic System.[964]: Generating public/private dsa key pair.
[   14.748882] cloud-init[964]: Your identification has been saved in /etc/ssh/ssh_host_dsa_key.
         Starting Login Service...
         Starting LSB: MD monitoring daemon...

[   14.757024] cloud-init[964]: Your public key has been saved in /etc/ssh/ssh_host_dsa_key.pub.[[0;32m  OK  [0m] Started Regular background program processing daemon.
         Starting Pollinate to seed the pseudo random number generator...
[[0;32m  OK  [0m] Started D-Bus System Message Bus.

[   14.800960] cloud-init[964]: The key fingerprint is:
[   14.813899] cloud-init[964]: SHA256:WUDcuo43H0Oz+KIj7+AeElbmBFhy6Hy4TBh23NCRYac root@ubuntu-xenial
[   14.822130] cloud-init[964]: The key's randomart image is:
[   14.828383] cloud-init[964]: +---[DSA 1024]----+
[   14.830823] cloud-init[964]: |.+=.++++o.       |
[   14.839038] cloud-init[964]: |++ +.+o ...      |
         Starting LXD - container startup/shutdown...
         Starting Accounts Service...
         Starting /etc/rc.local Compatibility...[   14.847907] cloud-init[964]: |=.o +E   ..      |
[   14.853785] cloud-init[964]: |.= *    .o       |
[   14.857905] cloud-init[964]: |o = .   S.o      |

         Starting Virtualbox guest utils...
         Starting LSB: Record successful boot for GRUB...
         Starting System Logging Service...
[[0;32m  OK  [0m] Started ACPI event daemon.
[[0;32m  OK  [0m] Started FUSE filesystem for LXC.[   14.901422] 
         Starting Snap Daemon...
cloud-init[[0;32m  OK  [0m] Started Deferred execution scheduler.
[[0;32m  OK  [0m] Started iSCSI initiator daemon (iscsid).
[[964]: [0;32m  OK  [0m] Started /etc/rc.local Compatibility.
         Starting Login to default iSCSI targets...
[[0;32m  OK  [0m] Started Login Service.
[[0;32m  OK  [0m] Started Unattended Upgrades Shutdown.
| + .    .o o     |
[   15.004356] cloud-init[964]: |  . o  o. +      |
[   15.019282] cloud-init[964]: |   o.oo =. o     |
[   15.021822] cloud-init[964]: |   .o+++ +o      |
[   15.029755] cloud-init[964]: +----[SHA256]-----+
[   15.035549] cloud-init[964]: Generating public/private ecdsa key pair.
[   15.053468] cloud-init[964]: Your identification has been saved in /etc/ssh/ssh_host_ecdsa_key.
[[0;32m  OK  [0m] Started System Logging Service.
[[0;32m  OK  [0m] Started LSB: MD monitoring daemon.
[[0;32m  OK  [0m] Started Login to default iSCSI targets.
[[0;32m  OK  [0m] Reached target Remote File Systems (Pre).
[[0;32m  OK  [0m] Reached target Remote File Systems.
         Starting LSB: automatic crash report generation...
         Starting LSB: Set the CPU Frequency Scaling governor to "ondemand"...[   15.097718] cloud-init[964]: Your public key has been saved in /etc/ssh/ssh_host_ecdsa_key.pub.
         Starting Permit User Sessions...
         Starting LSB: daemon to balance interrupts for SMP systems...
[[0;32m  OK  [0m] Started Permit User Sessions.
         Starting Hold until boot process finishes up...
         Starting Terminate Plymouth Boot Screen...
[[0;32m  OK  [0m] Started Hold until boot process finishes up.
         Starting Set console scheme...
[[0;32m  OK  [0m] Started Getty on tty1.
[[0;32m  OK  [0m] Started Serial Getty on ttyS0.
[[0;32m  OK  [0m] Reached target Login Prompts.
[[0;32m  OK  [0m] Started Terminate Plymouth Boot Screen.

[[0;32m  OK  [0m] Started LSB: Record successful boot for GRUB.
[   15.232169] cloud-init[964]: The key fingerprint is:
[   15.261475] cloud-init[964]: SHA256:1OpHdgtcwRlcT2YKssO3xPYGL6p01vvYrIzj9dXQa0Y root@ubuntu-xenial
[   15.274189] cloud-init[964]: The key's randomart image is:
[   15.281200] cloud-init[964]: +---[ECDSA 256]---+
[[0;32m  OK  [0m] Started LSB: Set the CPU Frequency Scaling governor to "ondemand".
[   15.289889] cloud-init[964]: |          .o++. +|
[   15.292180] [[0;32m  OK  [0m] Started Set console scheme.
cloud-init[964]: |         o ++o * |
[   15.297951] cloud-init[964]: |        . = B . .|
[   15.303210] cloud-init[964]: |       . o * = . |
[   15.308732] cloud-init[964]: |        S = + =E.|
[   15.310238] cloud-init[964]: |       . o = +..o|
[[0;32m  OK  [0m] Started LSB: automatic crash report generation.
[   15.339508] cloud-init[964]: |        o = +  +o|
[   15.357035] cloud-init[964]: |       . =.+ *o. |
[   15.362796] cloud-init[964]: |        ..o.=o=  |
[   15.364890] cloud-init[964]: +----[SHA256]-----+
[   15.368299] cloud-init[964]: Generating public/private ed25519 key pair.
[   15.371181] cloud-init[964]: Your identification has been saved in /etc/ssh/ssh_host_ed25519_key.
[   15.373399] cloud-init[964]: Your public key has been saved in /etc/ssh/ssh_host_ed25519_key.pub.
[   15.388793] cloud-init[964]: The key fingerprint is:
[   15.390358] cloud-init[964]: SHA256:Zc1YAXsddf6p6731tEJWeMCGO5NLGMfab/gFff/xy+8 root@ubuntu-xenial
[   15.399762] cloud-init[964]: The key's randomart image is:
         Starting Authenticate and Authorize Users to Run Privileged Tasks...[   15.421211] cloud-init[964]: +--[ED25519 256]--+

[[0;32m  OK  [0m] Started LSB: daemon to balance interrupts for SMP systems.
[   15.437876] cloud-init[964]: |          o.=...o|
[   15.444403] cloud-init[964]: |         . X = o.|
[   15.452272] cloud-init[964]: |          @ B = .|
[   15.454077] cloud-init[964]: |         = O o ++|
[   15.463122] cloud-init[964]: |        S . * +.+|
[   15.470292] cloud-init[964]: |           o =.o.|
[   15.477378] cloud-init[964]: |            =.. *|
[   15.493321] cloud-init[964]: |             o+.*|
[   15.507298] cloud-init[964]: |            .o.BE|
[   15.514245] cloud-init[964]: +----[SHA256]-----+
[[0;32m  OK  [0m] Started Authenticate and Authorize Users to Run Privileged Tasks.
[[0;32m  OK  [0m] Started Accounts Service.
[[0;32m  OK  [0m] Started LXD - container startup/shutdown.
[[0;32m  OK  [0m] Started Virtualbox guest utils.
[[0;32m  OK  [0m] Started Snap Daemon.
         Starting Wait until snapd is fully seeded...
[[0;32m  OK  [0m] Started Pollinate to seed the pseudo random number generator.
         Starting OpenBSD Secure Shell server...
[[0;32m  OK  [0m] Started OpenBSD Secure Shell server.
[[0;32m  OK  [0m] Created slice User Slice of vagrant.
[[0;32m  OK  [0m] Started Session 1 of user vagrant.
         Starting User Manager for UID 1000...
[[0;32m  OK  [0m] Started User Manager for UID 1000.
[[0;32m  OK  [0m] Started Wait until snapd is fully seeded.
[[0;32m  OK  [0m] Reached target Multi-User System.
[[0;32m  OK  [0m] Reached target Graphical Interface.
         Starting Update UTMP about System Runlevel Changes...
         Starting Apply the settings specified in cloud-config...
[[0;32m  OK  [0m] Started Update UTMP about System Runlevel Changes.

Ubuntu 16.04.7 LTS ubuntu-xenial ttyS0

ubuntu-xenial login: [   21.945554] cloud-init[1404]: Generating locales (this might take a while)...
[   24.362013] cloud-init[1404]:   en_US.UTF-8... done
[   24.365835] cloud-init[1404]: Generation complete.
[   25.163103] cloud-init[1404]: Cloud-init v. 21.1-19-gbad84ad4-0ubuntu1~16.04.2 running 'modules:config' at Mon, 05 Sep 2022 23:54:45 +0000. Up 21.48 seconds.
ci-info: no authorized SSH keys fingerprints found for user ubuntu.
<14>Sep  5 23:54:50 ec2: 
<14>Sep  5 23:54:50 ec2: #############################################################
<14>Sep  5 23:54:50 ec2: -----BEGIN SSH HOST KEY FINGERPRINTS-----
<14>Sep  5 23:54:50 ec2: 1024 SHA256:WUDcuo43H0Oz+KIj7+AeElbmBFhy6Hy4TBh23NCRYac root@ubuntu-xenial (DSA)
<14>Sep  5 23:54:50 ec2: 256 SHA256:1OpHdgtcwRlcT2YKssO3xPYGL6p01vvYrIzj9dXQa0Y root@ubuntu-xenial (ECDSA)
<14>Sep  5 23:54:50 ec2: 256 SHA256:Zc1YAXsddf6p6731tEJWeMCGO5NLGMfab/gFff/xy+8 root@ubuntu-xenial (ED25519)
<14>Sep  5 23:54:50 ec2: 2048 SHA256:EZEAmVsZRO15Ls/drdgXnLrzXF0MznuomkMaUW0og+g root@ubuntu-xenial (RSA)
<14>Sep  5 23:54:50 ec2: -----END SSH HOST KEY FINGERPRINTS-----
<14>Sep  5 23:54:50 ec2: #############################################################
-----BEGIN SSH HOST KEY KEYS-----
ecdsa-sha2-nistp256 AAAAE2VjZHNhLXNoYTItbmlzdHAyNTYAAAAIbmlzdHAyNTYAAABBBOQx7HqJIa4Ajo37zbQ5S9vIuc/aOiOhiUMBGezUG7vsQECbDaRXHJrXhonCyV/1suvLbg+nDXH0iW3BMr0uXHY= root@ubuntu-xenial
ssh-ed25519 AAAAC3NzaC1lZDI1NTE5AAAAIAt/VvTpsFkgmj+t52yZD3BSiQBt7X8lG2L0I0vNwh0K root@ubuntu-xenial
ssh-rsa AAAAB3NzaC1yc2EAAAADAQABAAABAQDAyJD4CSsLGnaaAbDQ0tFW9sNl2UKXreHTndB3MRPn4RyYBNIr03NS5L30WV5T1PoBDutuU8BnH41o6ilQvWtfjLf8QXQr3Y9FXKlJugjpbPlzWN7rQu9JWFa/bvawz/HTf8DH8IzR1cmT2N5L8H/DOPXY0Vgwy4GGwgo56z8rzcB/2MxWEGZoZLIrrW5PYHovup6dWcXCjMPynOWvy/WYf/u5q7ovWESj+xgjjW0TkONgRc1vETrFPyQbh6EzWB7yRE3sYhyVfT5O6y11w9Sj1nfeuiXX7Z6ItjrBnA4PVdAJXJPWDRxJKH5A6VFvYOruE6VZQieuuVe82FbFx/AL root@ubuntu-xenial
-----END SSH HOST KEY KEYS-----
[   26.197754] cloud-init[1640]: Cloud-init v. 21.1-19-gbad84ad4-0ubuntu1~16.04.2 running 'modules:final' at Mon, 05 Sep 2022 23:54:50 +0000. Up 25.80 seconds.
[   26.221881] cloud-init[1640]: ci-info: no authorized SSH keys fingerprints found for user ubuntu.
[   26.225730] cloud-init[1640]: Cloud-init v. 21.1-19-gbad84ad4-0ubuntu1~16.04.2 finished at Mon, 05 Sep 2022 23:54:50 +0000. Datasource DataSourceNoCloud [seed=/dev/sdb][dsmode=net].  Up 26.16 seconds
