[    0.000000] Initializing cgroup subsys cpuset
[    0.000000] Initializing cgroup subsys cpu
[    0.000000] Initializing cgroup subsys cpuacct
[    0.000000] Linux version 4.4.0-210-generic (buildd@lgw01-amd64-009) (gcc version 5.4.0 20160609 (Ubuntu 5.4.0-6ubuntu1~16.04.12) ) #242-Ubuntu SMP Fri Apr 16 09:57:56 UTC 2021 (Ubuntu 4.4.0-210.242-generic 4.4.262)
[    0.000000] Command line: BOOT_IMAGE=/boot/vmlinuz-4.4.0-210-generic root=LABEL=cloudimg-rootfs ro console=tty1 console=ttyS0
[    0.000000] KERNEL supported cpus:
[    0.000000]   Intel GenuineIntel
[    0.000000]   AMD AuthenticAMD
[    0.000000]   Centaur CentaurHauls
[    0.000000] x86/fpu: xstate_offset[2]:  576, xstate_sizes[2]:  256
[    0.000000] x86/fpu: Supporting XSAVE feature 0x01: 'x87 floating point registers'
[    0.000000] x86/fpu: Supporting XSAVE feature 0x02: 'SSE registers'
[    0.000000] x86/fpu: Supporting XSAVE feature 0x04: 'AVX registers'
[    0.000000] x86/fpu: Enabled xstate features 0x7, context size is 832 bytes, using 'standard' format.
[    0.000000] e820: BIOS-provided physical RAM map:
[    0.000000] BIOS-e820: [mem 0x0000000000000000-0x000000000009fbff] usable
[    0.000000] BIOS-e820: [mem 0x000000000009fc00-0x000000000009ffff] reserved
[    0.000000] BIOS-e820: [mem 0x00000000000f0000-0x00000000000fffff] reserved
[    0.000000] BIOS-e820: [mem 0x0000000000100000-0x000000007ffeffff] usable
[    0.000000] BIOS-e820: [mem 0x000000007fff0000-0x000000007fffffff] ACPI data
[    0.000000] BIOS-e820: [mem 0x00000000fec00000-0x00000000fec00fff] reserved
[    0.000000] BIOS-e820: [mem 0x00000000fee00000-0x00000000fee00fff] reserved
[    0.000000] BIOS-e820: [mem 0x00000000fffc0000-0x00000000ffffffff] reserved
[    0.000000] NX (Execute Disable) protection: active
[    0.000000] SMBIOS 2.5 present.
[    0.000000] Hypervisor detected: KVM
[    0.000000] e820: last_pfn = 0x7fff0 max_arch_pfn = 0x400000000
[    0.000000] MTRR: Disabled
[    0.000000] x86/PAT: MTRRs disabled, skipping PAT initialization too.
[    0.000000] CPU MTRRs all blank - virtualized system.
[    0.000000] x86/PAT: Configuration [0-7]: WB  WT  UC- UC  WB  WT  UC- UC  
[    0.000000] found SMP MP-table at [mem 0x0009fff0-0x0009ffff] mapped at [ffff88000009fff0]
[    0.000000] Scanning 1 areas for low memory corruption
[    0.000000] RAMDISK: [mem 0x362dc000-0x37165fff]
[    0.000000] ACPI: Early table checksum verification disabled
[    0.000000] ACPI: RSDP 0x00000000000E0000 000024 (v02 VBOX  )
[    0.000000] ACPI: XSDT 0x000000007FFF0030 00003C (v01 VBOX   VBOXXSDT 00000001 ASL  00000061)
[    0.000000] ACPI: FACP 0x000000007FFF00F0 0000F4 (v04 VBOX   VBOXFACP 00000001 ASL  00000061)
[    0.000000] ACPI: DSDT 0x000000007FFF0470 002325 (v02 VBOX   VBOXBIOS 00000002 INTL 20200925)
[    0.000000] ACPI: FACS 0x000000007FFF0200 000040
[    0.000000] ACPI: FACS 0x000000007FFF0200 000040
[    0.000000] ACPI: APIC 0x000000007FFF0240 000054 (v02 VBOX   VBOXAPIC 00000001 ASL  00000061)
[    0.000000] ACPI: SSDT 0x000000007FFF02A0 0001CC (v01 VBOX   VBOXCPUT 00000002 INTL 20200925)
[    0.000000] No NUMA configuration found
[    0.000000] Faking a node at [mem 0x0000000000000000-0x000000007ffeffff]
[    0.000000] NODE_DATA(0) allocated [mem 0x7ffeb000-0x7ffeffff]
[    0.000000] kvm-clock: Using msrs 4b564d01 and 4b564d00
[    0.000000] kvm-clock: cpu 0, msr 0:7ffe3001, primary cpu clock
[    0.000000] kvm-clock: using sched offset of 4100819768 cycles
[    0.000000] clocksource: kvm-clock: mask: 0xffffffffffffffff max_cycles: 0x1cd42e4dffb, max_idle_ns: 881590591483 ns
[    0.000000] Zone ranges:
[    0.000000]   DMA      [mem 0x0000000000001000-0x0000000000ffffff]
[    0.000000]   DMA32    [mem 0x0000000001000000-0x000000007ffeffff]
[    0.000000]   Normal   empty
[    0.000000]   Device   empty
[    0.000000] Movable zone start for each node
[    0.000000] Early memory node ranges
[    0.000000]   node   0: [mem 0x0000000000001000-0x000000000009efff]
[    0.000000]   node   0: [mem 0x0000000000100000-0x000000007ffeffff]
[    0.000000] Initmem setup node 0 [mem 0x0000000000001000-0x000000007ffeffff]
[    0.000000] ACPI: PM-Timer IO Port: 0x4008
[    0.000000] IOAPIC[0]: apic_id 1, version 32, address 0xfec00000, GSI 0-23
[    0.000000] ACPI: INT_SRC_OVR (bus 0 bus_irq 0 global_irq 2 dfl dfl)
[    0.000000] ACPI: INT_SRC_OVR (bus 0 bus_irq 9 global_irq 9 low level)
[    0.000000] Using ACPI (MADT) for SMP configuration information
[    0.000000] smpboot: Allowing 1 CPUs, 0 hotplug CPUs
[    0.000000] PM: Registered nosave memory: [mem 0x00000000-0x00000fff]
[    0.000000] PM: Registered nosave memory: [mem 0x0009f000-0x0009ffff]
[    0.000000] PM: Registered nosave memory: [mem 0x000a0000-0x000effff]
[    0.000000] PM: Registered nosave memory: [mem 0x000f0000-0x000fffff]
[    0.000000] e820: [mem 0x80000000-0xfebfffff] available for PCI devices
[    0.000000] Booting paravirtualized kernel on KVM
[    0.000000] clocksource: refined-jiffies: mask: 0xffffffff max_cycles: 0xffffffff, max_idle_ns: 7645519600211568 ns
[    0.000000] setup_percpu: NR_CPUS:512 nr_cpumask_bits:512 nr_cpu_ids:1 nr_node_ids:1
[    0.000000] PERCPU: Embedded 33 pages/cpu @ffff88007fc00000 s95192 r8192 d31784 u2097152
[    0.000000] Built 1 zonelists in Node order, mobility grouping on.  Total pages: 515960
[    0.000000] Policy zone: DMA32
[    0.000000] Kernel command line: BOOT_IMAGE=/boot/vmlinuz-4.4.0-210-generic root=LABEL=cloudimg-rootfs ro console=tty1 console=ttyS0
[    0.000000] PID hash table entries: 4096 (order: 3, 32768 bytes)
[    0.000000] Memory: 2030116K/2096696K available (8644K kernel code, 1332K rwdata, 4044K rodata, 1492K init, 1164K bss, 66580K reserved, 0K cma-reserved)
[    0.000000] SLUB: HWalign=64, Order=0-3, MinObjects=0, CPUs=1, Nodes=1
[    0.000000] Kernel/User page tables isolation: enabled
[    0.000000] Hierarchical RCU implementation.
[    0.000000] 	Build-time adjustment of leaf fanout to 64.
[    0.000000] 	RCU restricting CPUs from NR_CPUS=512 to nr_cpu_ids=1.
[    0.000000] RCU: Adjusting geometry for rcu_fanout_leaf=64, nr_cpu_ids=1
[    0.000000] NR_IRQS:33024 nr_irqs:256 16
[    0.000000] Console: colour VGA+ 80x25
[    0.000000] console [tty1] enabled
[    0.000000] console [ttyS0] enabled
[    0.000000] tsc: Detected 1895.693 MHz processor
[    0.311271] Calibrating delay loop (skipped) preset value.. 3791.38 BogoMIPS (lpj=7582772)
[    0.315536] pid_max: default: 32768 minimum: 301
[    0.317422] ACPI: Core revision 20150930
[    0.320388] ACPI: 2 ACPI AML tables successfully acquired and loaded
[    0.323679] Security Framework initialized
[    0.325231] Yama: becoming mindful.
[    0.326671] AppArmor: AppArmor initialized
[    0.329501] Dentry cache hash table entries: 262144 (order: 9, 2097152 bytes)
[    0.332341] Inode-cache hash table entries: 131072 (order: 8, 1048576 bytes)
[    0.336225] Mount-cache hash table entries: 4096 (order: 3, 32768 bytes)
[    0.338488] Mountpoint-cache hash table entries: 4096 (order: 3, 32768 bytes)
[    0.341164] Initializing cgroup subsys io
[    0.342976] Initializing cgroup subsys memory
[    0.344651] Initializing cgroup subsys devices
[    0.346434] Initializing cgroup subsys freezer
[    0.348218] Initializing cgroup subsys net_cls
[    0.349921] Initializing cgroup subsys perf_event
[    0.351706] Initializing cgroup subsys net_prio
[    0.353304] Initializing cgroup subsys hugetlb
[    0.355186] Initializing cgroup subsys pids
[    0.356881] mce: CPU supports 0 MCE banks
[    0.358664] process: using mwait in idle threads
[    0.360418] Last level iTLB entries: 4KB 512, 2MB 8, 4MB 8
[    0.362286] Last level dTLB entries: 4KB 512, 2MB 32, 4MB 32, 1GB 0
[    0.364573] Spectre V1 : Mitigation: usercopy/swapgs barriers and __user pointer sanitization
[    0.368148] Spectre V2 : Mitigation: Full generic retpoline
[    0.370169] Spectre V2 : Spectre v2 / SpectreRSB mitigation: Filling RSB on context switch
[    0.373157] Speculative Store Bypass: Vulnerable
[    0.375170] MDS: Mitigation: Clear CPU buffers
[    0.432875] Freeing SMP alternatives memory: 36K
[    0.446223] ftrace: allocating 32380 entries in 127 pages
[    0.570409] smpboot: APIC(0) Converting physical 0 to logical package 0
[    0.573396] smpboot: Max logical packages: 1
[    0.575838] x2apic enabled
[    0.577816] Switched APIC routing to physical x2apic.
[    0.582171] ..TIMER: vector=0x30 apic1=0 pin1=2 apic2=-1 pin2=-1
[    0.692843] smpboot: CPU0: Intel(R) Xeon(R) CPU E5-2420 0 @ 1.90GHz (family: 0x6, model: 0x2d, stepping: 0x7)
[    0.697093] Performance Events: unsupported p6 CPU model 45 no PMU driver, software events only.
[    0.722684] KVM setup paravirtual spinlock
[    0.726196] x86: Booted up 1 node, 1 CPUs
[    0.728104] smpboot: Total of 1 processors activated (3791.38 BogoMIPS)
[    0.731995] devtmpfs: initialized
[    0.736364] evm: security.selinux
[    0.738300] evm: security.SMACK64
[    0.742156] evm: security.SMACK64EXEC
[    0.744280] evm: security.SMACK64TRANSMUTE
[    0.746163] evm: security.SMACK64MMAP
[    0.747670] evm: security.ima
[    0.749028] evm: security.capability
[    0.751029] clocksource: jiffies: mask: 0xffffffff max_cycles: 0xffffffff, max_idle_ns: 7645041785100000 ns
[    0.755168] futex hash table entries: 256 (order: 2, 16384 bytes)
[    0.757999] pinctrl core: initialized pinctrl subsystem
[    0.760481] RTC time: 23:52:32, date: 09/05/22
[    0.763157] NET: Registered protocol family 16
[    0.765725] cpuidle: using governor ladder
[    0.768054] cpuidle: using governor menu
[    0.770286] PCCT header not found.
[    0.772180] ACPI: bus type PCI registered
[    0.774087] acpiphp: ACPI Hot Plug PCI Controller Driver version: 0.5
[    0.777455] PCI: Using configuration type 1 for base access
[    0.782619] ACPI: Added _OSI(Module Device)
[    0.785232] ACPI: Added _OSI(Processor Device)
[    0.787938] ACPI: Added _OSI(3.0 _SCP Extensions)
[    0.790609] ACPI: Added _OSI(Processor Aggregator Device)
[    0.795309] ACPI: Executed 1 blocks of module-level executable AML code
[    0.805379] ACPI: Interpreter enabled
[    0.808401] ACPI: (supports S0 S5)
[    0.811007] ACPI: Using IOAPIC for interrupt routing
[    0.814658] PCI: Using host bridge windows from ACPI; if necessary, use "pci=nocrs" and report a bug
[    0.830450] ACPI: PCI Root Bridge [PCI0] (domain 0000 [bus 00-ff])
[    0.833647] acpi PNP0A03:00: _OSC: OS supports [ASPM ClockPM Segments MSI]
[    0.838510] acpi PNP0A03:00: _OSC: not requesting OS control; OS requires [ExtendedConfig ASPM ClockPM MSI]
[    0.841853] acpi PNP0A03:00: fail to add MMCONFIG information, can't access extended PCI configuration space under this bridge.
[    0.846406] PCI host bridge to bus 0000:00
[    0.847955] pci_bus 0000:00: root bus resource [io  0x0000-0x0cf7 window]
[    0.850154] pci_bus 0000:00: root bus resource [io  0x0d00-0xffff window]
[    0.852489] pci_bus 0000:00: root bus resource [mem 0x000a0000-0x000bffff window]
[    0.855217] pci_bus 0000:00: root bus resource [mem 0x80000000-0xfdffffff window]
[    0.857874] pci_bus 0000:00: root bus resource [bus 00-ff]
[    0.862700] pci 0000:00:01.1: legacy IDE quirk: reg 0x10: [io  0x01f0-0x01f7]
[    0.865022] pci 0000:00:01.1: legacy IDE quirk: reg 0x14: [io  0x03f6]
[    0.867186] pci 0000:00:01.1: legacy IDE quirk: reg 0x18: [io  0x0170-0x0177]
[    0.869633] pci 0000:00:01.1: legacy IDE quirk: reg 0x1c: [io  0x0376]
[    0.903289] pci 0000:00:07.0: quirk: [io  0x4000-0x403f] claimed by PIIX4 ACPI
[    0.925894] pci 0000:00:07.0: quirk: [io  0x4100-0x410f] claimed by PIIX4 SMB
[    0.951333] ACPI: PCI Interrupt Link [LNKA] (IRQs 5 9 10 *11)
[    0.954621] ACPI: PCI Interrupt Link [LNKB] (IRQs 5 9 *10 11)
[    0.957389] ACPI: PCI Interrupt Link [LNKC] (IRQs 5 *9 10 11)
[    0.960341] ACPI: PCI Interrupt Link [LNKD] (IRQs 5 9 10 *11)
[    0.963231] ACPI: Enabled 2 GPEs in block 00 to 07
[    0.965497] vgaarb: setting as boot device: PCI:0000:00:02.0
[    0.967578] vgaarb: device added: PCI:0000:00:02.0,decodes=io+mem,owns=io+mem,locks=none
[    0.970963] vgaarb: loaded
[    0.972170] vgaarb: bridge control possible 0000:00:02.0
[    0.974650] SCSI subsystem initialized
[    0.976268] ACPI: bus type USB registered
[    0.977835] usbcore: registered new interface driver usbfs
[    0.979801] usbcore: registered new interface driver hub
[    0.981776] usbcore: registered new device driver usb
[    0.984045] PCI: Using ACPI for IRQ routing
[    0.986094] NetLabel: Initializing
[    0.987524] NetLabel:  domain hash size = 128
[    0.989553] NetLabel:  protocols = UNLABELED CIPSOv4
[    0.991415] NetLabel:  unlabeled traffic allowed by default
[    0.993578] amd_nb: Cannot enumerate AMD northbridges
[    0.995513] clocksource: Switched to clocksource kvm-clock
[    1.007929] AppArmor: AppArmor Filesystem Enabled
[    1.010004] pnp: PnP ACPI init
[    1.012687] pnp: PnP ACPI: found 3 devices
[    1.021251] clocksource: acpi_pm: mask: 0xffffff max_cycles: 0xffffff, max_idle_ns: 2085701024 ns
[    1.024592] NET: Registered protocol family 2
[    1.026585] TCP established hash table entries: 16384 (order: 5, 131072 bytes)
[    1.029365] TCP bind hash table entries: 16384 (order: 6, 262144 bytes)
[    1.032675] TCP: Hash tables configured (established 16384 bind 16384)
[    1.035401] UDP hash table entries: 1024 (order: 3, 32768 bytes)
[    1.037606] UDP-Lite hash table entries: 1024 (order: 3, 32768 bytes)
[    1.040014] NET: Registered protocol family 1
[    1.041810] pci 0000:00:00.0: Limiting direct PCI/PCI transfers
[    1.043959] pci 0000:00:01.0: Activating ISA DMA hang workarounds
[    1.046350] Unpacking initramfs...
[    1.439854] Freeing initrd memory: 14888K
[    1.441718] RAPL PMU detected, API unit is 2^-32 Joules, 3 fixed counters 10737418240 ms ovfl timer
[    1.446335] hw unit of domain pp0-core 2^-0 Joules
[    1.448058] hw unit of domain package 2^-0 Joules
[    1.449746] hw unit of domain dram 2^-0 Joules
[    1.451370] clocksource: tsc: mask: 0xffffffffffffffff max_cycles: 0x36a68ea8fe5, max_idle_ns: 881590678518 ns
[    1.455051] platform rtc_cmos: registered platform RTC device (no PNP device found)
[    1.458506] Scanning for low memory corruption every 60 seconds
[    1.463202] audit: initializing netlink subsys (disabled)
[    1.465264] audit: type=2000 audit(1662421958.676:1): initialized
[    1.468020] Initialise system trusted keyring
[    1.470066] HugeTLB registered 2 MB page size, pre-allocated 0 pages
[    1.474333] zbud: loaded
[    1.476009] VFS: Disk quotas dquot_6.6.0
[    1.477698] VFS: Dquot-cache hash table entries: 512 (order 0, 4096 bytes)
[    1.480502] squashfs: version 4.0 (2009/01/31) Phillip Lougher
[    1.483109] fuse init (API version 7.23)
[    1.484909] Key type big_key registered
[    1.486531] Allocating IMA MOK and blacklist keyrings.
[    1.489436] Key type asymmetric registered
[    1.491410] Asymmetric key parser 'x509' registered
[    1.493504] Block layer SCSI generic (bsg) driver version 0.4 loaded (major 249)
[    1.496884] io scheduler noop registered
[    1.498452] io scheduler deadline registered (default)
[    1.500481] io scheduler cfq registered
[    1.502070] pci_hotplug: PCI Hot Plug PCI Core version: 0.5
[    1.504340] pciehp: PCI Express Hot Plug Controller Driver version: 0.4
[    1.506858] ACPI: AC Adapter [AC] (on-line)
[    1.508514] input: Power Button as /devices/LNXSYSTM:00/LNXPWRBN:00/input/input0
[    1.511354] ACPI: Power Button [PWRF]
[    1.513428] input: Sleep Button as /devices/LNXSYSTM:00/LNXSLPBN:00/input/input1
[    1.516471] ACPI: Sleep Button [SLPF]
[    1.518298] GHES: HEST is not enabled!
[    1.519907] Serial: 8250/16550 driver, 32 ports, IRQ sharing enabled
[    1.543331] 00:02: ttyS0 at I/O 0x3f8 (irq = 4, base_baud = 115200) is a 16550A
[    1.548194] Linux agpgart interface v0.103
[    1.552899] loop: module loaded
[    1.555051] scsi host0: ata_piix
[    1.556534] scsi host1: ata_piix
[    1.557917] ata1: PATA max UDMA/33 cmd 0x1f0 ctl 0x3f6 bmdma 0xd000 irq 14
[    1.560570] ata2: PATA max UDMA/33 cmd 0x170 ctl 0x376 bmdma 0xd008 irq 15
[    1.563683] libphy: Fixed MDIO Bus: probed
[    1.565250] tun: Universal TUN/TAP device driver, 1.6
[    1.567149] tun: (C) 1999-2004 Max Krasnyansky <maxk@qualcomm.com>
[    1.569553] PPP generic driver version 2.4.2
[    1.571787] ehci_hcd: USB 2.0 'Enhanced' Host Controller (EHCI) Driver
[    1.574053] ehci-pci: EHCI PCI platform driver
[    1.575769] ehci-platform: EHCI generic platform driver
[    1.577726] ohci_hcd: USB 1.1 'Open' Host Controller (OHCI) Driver
[    1.579832] ohci-pci: OHCI PCI platform driver
[    1.581495] ohci-platform: OHCI generic platform driver
[    1.583333] uhci_hcd: USB Universal Host Controller Interface driver
[    1.585745] i8042: PNP: PS/2 Controller [PNP0303:PS2K,PNP0f03:PS2M] at 0x60,0x64 irq 1,12
[    1.589377] serio: i8042 KBD port at 0x60,0x64 irq 1
[    1.591127] serio: i8042 AUX port at 0x60,0x64 irq 12
[    1.593116] mousedev: PS/2 mouse device common for all mice
[    1.595484] input: AT Translated Set 2 keyboard as /devices/platform/i8042/serio0/input/input2
[    1.598963] rtc_cmos rtc_cmos: rtc core: registered rtc_cmos as rtc0
[    1.601489] rtc_cmos rtc_cmos: alarms up to one day, 114 bytes nvram
[    1.603694] i2c /dev entries driver
[    1.605183] device-mapper: uevent: version 1.0.3
[    1.606998] device-mapper: ioctl: 4.34.0-ioctl (2015-10-28) initialised: dm-devel@redhat.com
[    1.610280] ledtrig-cpu: registered to indicate activity on CPUs
[    1.612785] NET: Registered protocol family 10
[    1.614662] NET: Registered protocol family 17
[    1.616381] Key type dns_resolver registered
[    1.618292] registered taskstats version 1
[    1.619819] Loading compiled-in X.509 certificates
[    1.622848] Loaded X.509 cert 'Build time autogenerated kernel key: cf00e047681d67edb2720680708b7d9498083038'
[    1.627041] zswap: loaded using pool lzo/zbud
[    1.632151] Key type trusted registered
[    1.639539] Key type encrypted registered
[    1.641281] AppArmor: AppArmor sha1 policy hashing enabled
[    1.643330] ima: No TPM chip found, activating TPM-bypass!
[    1.645465] ima: Allocated hash algorithm: sha1
[    1.647243] evm: HMAC attrs: 0x1
[    1.649094]   Magic number: 6:175:908
[    1.650642] mem port: hash matches
[    1.652112] rtc_cmos rtc_cmos: setting system clock to 2022-09-05 23:52:33 UTC (1662421953)
[    1.655203] BIOS EDD facility v0.16 2004-Jun-25, 0 devices found
[    1.657296] EDD information not available.
[    1.742721] Freeing unused kernel memory: 1492K
[    1.744617] Write protecting the kernel read-only data: 14336k
[    1.747532] Freeing unused kernel memory: 1584K
[    1.749864] Freeing unused kernel memory: 52K
Loading, please wait...
starting version 229
[    1.786121] random: udevadm: uninitialized urandom read (16 bytes read, 3 bits of entropy available)
[    1.791455] random: systemd-udevd: uninitialized urandom read (16 bytes read, 3 bits of entropy available)
[    1.795396] random: systemd-udevd: uninitialized urandom read (16 bytes read, 3 bits of entropy available)
[    1.800916] random: udevadm: uninitialized urandom read (16 bytes read, 3 bits of entropy available)
[    1.806055] random: systemd-udevd: uninitialized urandom read (16 bytes read, 3 bits of entropy available)
[    1.826266] random: systemd-udevd: uninitialized urandom read (16 bytes read, 3 bits of entropy available)
[    1.838152] random: systemd-udevd: uninitialized urandom read (16 bytes read, 3 bits of entropy available)
[    1.849340] random: systemd-udevd: uninitialized urandom read (16 bytes read, 3 bits of entropy available)
[    1.859438] random: udevadm: uninitialized urandom read (16 bytes read, 3 bits of entropy available)
[    1.863594] random: systemd-udevd: uninitialized urandom read (16 bytes read, 3 bits of entropy available)
[    2.080808] e1000: Intel(R) PRO/1000 Network Driver - version 7.3.21-k8-NAPI
[    2.086625] e1000: Copyright (c) 1999-2006 Intel Corporation.
[    2.099622] Fusion MPT base driver 3.04.20
[    2.101538] Copyright (c) 1999-2008 LSI Corporation
[    2.139820] Fusion MPT SPI Host driver 3.04.20
[    2.218176] AVX version of gcm_enc/dec engaged.
[    2.219636] AES CTR mode by8 optimization enabled
[    2.340871] input: ImExPS/2 Generic Explorer Mouse as /devices/platform/i8042/serio1/input/input4
[    2.639164] e1000 0000:00:03.0 eth0: (PCI:33MHz:32-bit) 02:be:82:6b:cc:1d
[    2.641671] e1000 0000:00:03.0 eth0: Intel(R) PRO/1000 Network Connection
[    2.644605] mptbase: ioc0: Initiating bringup
[    2.708096] ioc0: LSI53C1030 A0: Capabilities={Initiator}
[    2.869542] scsi host2: ioc0: LSI53C1030 A0, FwRev=00000000h, Ports=1, MaxQ=256, IRQ=20
[    2.986850] scsi 2:0:0:0: Direct-Access     VBOX     HARDDISK         1.0  PQ: 0 ANSI: 5
[    2.992049] scsi target2:0:0: Beginning Domain Validation
[    2.996954] scsi target2:0:0: Domain Validation skipping write tests
[    3.000284] scsi target2:0:0: Ending Domain Validation
[    3.003160] scsi target2:0:0: asynchronous
[    3.006397] scsi 2:0:1:0: Direct-Access     VBOX     HARDDISK         1.0  PQ: 0 ANSI: 5
[    3.040937] scsi target2:0:1: Beginning Domain Validation
[    3.101553] scsi target2:0:1: Domain Validation skipping write tests
[    3.105506] scsi target2:0:1: Ending Domain Validation
[    3.121324] scsi target2:0:1: asynchronous
[    3.280526] sd 2:0:0:0: Attached scsi generic sg0 type 0
[    3.283529] sd 2:0:0:0: [sda] 83886080 512-byte logical blocks: (42.9 GB/40.0 GiB)
[    3.288104] sd 2:0:1:0: [sdb] 20480 512-byte logical blocks: (10.5 MB/10.0 MiB)
[    3.293286] sd 2:0:1:0: Attached scsi generic sg1 type 0
[    3.298552] sd 2:0:1:0: [sdb] Write Protect is off
[    3.301324] sd 2:0:0:0: [sda] Write Protect is off
[    3.309610] sd 2:0:0:0: [sda] Incomplete mode parameter data
[    3.312589] sd 2:0:0:0: [sda] Assuming drive cache: write through
[    3.315747] sd 2:0:1:0: [sdb] Incomplete mode parameter data
[    3.318730] sd 2:0:1:0: [sdb] Assuming drive cache: write through
[    3.364772]  sda: sda1
[    3.368846] sd 2:0:1:0: [sdb] Attached SCSI disk
[    3.377619] sd 2:0:0:0: [sda] Attached SCSI disk
[    3.574103] e1000 0000:00:08.0 eth1: (PCI:33MHz:32-bit) 08:00:27:38:e6:d0
[    3.576323] e1000 0000:00:08.0 eth1: Intel(R) PRO/1000 Network Connection
[    3.580702] e1000 0000:00:08.0 enp0s8: renamed from eth1
[    3.586832] e1000 0000:00:03.0 enp0s3: renamed from eth0
Begin: Loading essential drivers ... [    5.169833] md: linear personality registered for level -1
[    5.181261] md: multipath personality registered for level -4
[    5.200104] md: raid0 personality registered for level 0
[    5.218716] md: raid1 personality registered for level 1
[    5.306877] raid6: sse2x1   gen()  4378 MB/s
[    5.395382] raid6: sse2x1   xor()  4899 MB/s
[    5.476864] raid6: sse2x2   gen()  7008 MB/s
[    5.566901] raid6: sse2x2   xor()  5088 MB/s
[    5.662618] raid6: sse2x4   gen()  9319 MB/s
[    5.751629] raid6: sse2x4   xor()  6142 MB/s
[    5.753108] raid6: using algorithm sse2x4 gen() 9319 MB/s
[    5.754990] raid6: .... xor() 6142 MB/s, rmw enabled
[    5.757191] raid6: using ssse3x2 recovery algorithm
[    5.763394] xor: automatically using best checksumming function:
[    5.888472]    avx       : 54873.000 MB/sec
[    5.894002] async_tx: api initialized (async)
[    5.921193] md: raid6 personality registered for level 6
[    5.922916] md: raid5 personality registered for level 5
[    5.926236] md: raid4 personality registered for level 4
[    5.939700] md: raid10 personality registered for level 10
done.
Begin: Running /scripts/init-premount ... done.
Begin: Mounting root file system ... Begin: Running /scripts/local-top ... done.
Begin: Running /scripts/local-premount ... [    5.997802] Btrfs loaded
Scanning for Btrfs filesystems
done.
Warning: fsck not present, so skipping root file system
[    6.051459] EXT4-fs (sda1): mounted filesystem with ordered data mode. Opts: (null)
done.
Begin: Running /scripts/local-bottom ... done.
Begin: Running /scripts/init-bottom ... done.
[    6.214310] systemd[1]: systemd 229 running in system mode. (+PAM +AUDIT +SELINUX +IMA +APPARMOR +SMACK +SYSVINIT +UTMP +LIBCRYPTSETUP +GCRYPT +GNUTLS +ACL +XZ -LZ4 +SECCOMP +BLKID +ELFUTILS +KMOD -IDN)
[    6.219354] systemd[1]: Detected virtualization oracle.
[    6.220972] systemd[1]: Detected architecture x86-64.

Welcome to [1mUbuntu 16.04.7 LTS[0m!

[    6.226553] systemd[1]: Set hostname to <ubuntu>.
[    6.233034] systemd[1]: Initializing machine ID from random generator.
[    6.235527] systemd[1]: Installed transient /etc/machine-id file.
[    6.512670] systemd[1]: Listening on Journal Socket.
[[0;32m  OK  [0m] Listening on Journal Socket.
[    6.520105] systemd[1]: Created slice User and Session Slice.
[[0;32m  OK  [0m] Created slice User and Session Slice.
[    6.526042] systemd[1]: Listening on fsck to fsckd communication Socket.
[[0;32m  OK  [0m] Listening on fsck to fsckd communication Socket.
[    6.531323] systemd[1]: Reached target Swap.
[[0;32m  OK  [0m] Reached target Swap.
[    6.534988] systemd[1]: Listening on udev Control Socket.
[[0;32m  OK  [0m] Listening on udev Control Socket.
[    6.543808] systemd[1]: Reached target System Time Synchronized.
[[0;32m  OK  [0m] Reached target System Time Synchronized.
[    6.549513] systemd[1]: Started Trigger resolvconf update for networkd DNS.
[[0;32m  OK  [0m] Started Trigger resolvconf update for networkd DNS.
[    6.556825] systemd[1]: Set up automount Arbitrary Executable File Formats File System Automount Point.
[[0;32m  OK  [0m] Set up automount Arbitrary Executab...ats File System Automount Point.
[    6.565259] systemd[1]: Listening on Device-mapper event daemon FIFOs.
[[0;32m  OK  [0m] Listening on Device-mapper event daemon FIFOs.
[    6.571244] systemd[1]: Reached target Encrypted Volumes.
[[0;32m  OK  [0m] Reached target Encrypted Volumes.
[    6.576216] systemd[1]: Listening on Journal Audit Socket.
[[0;32m  OK  [0m] Listening on Journal Audit Socket.
[    6.581122] systemd[1]: Reached target User and Group Name Lookups.
[[0;32m  OK  [0m] Reached target User and Group Name Lookups.
[    6.587149] systemd[1]: Listening on /dev/initctl Compatibility Named Pipe.
[[0;32m  OK  [0m] Listening on /dev/initctl Compatibility Named Pipe.
[    6.594283] systemd[1]: Created slice System Slice.
[[0;32m  OK  [0m] Created slice System Slice.
[    6.602158] systemd[1]: Mounting POSIX Message Queue File System...
         Mounting POSIX Message Queue File System...
[    6.611313] systemd[1]: Reached target Slices.
[[0;32m  OK  [0m] Reached target Slices.
[    6.619174] systemd[1]: Starting File System Check on Root Device...
         Starting File System Check on Root Device...
[    6.634960] systemd[1]: Mounting Huge Pages File System...
         Mounting Huge Pages File System...
[    6.644265] systemd[1]: Created slice system-serial\x2dgetty.slice.
[[0;32m  OK  [0m] Created slice system-serial\x2dgetty.slice.
[    6.653805] systemd[1]: Starting Nameserver information manager...
         Starting Nameserver information manager...
[    6.665088] systemd[1]: Listening on Syslog Socket.
[[0;32m  OK  [0m] Listening on Syslog Socket.
[    6.672797] systemd[1]: Listening on LVM2 metadata daemon socket.
[[0;32m  OK  [0m] Listening on LVM2 metadata daemon socket.
[    6.677956] systemd[1]: Listening on Journal Socket (/dev/log).
[[0;32m  OK  [0m] Listening on Journal Socket (/dev/log).
[    6.684648] systemd[1]: Starting Journal Service...
         Starting Journal Service...
[    6.698958] systemd[1]: Starting Load Kernel Modules...
         Starting Load Kernel Modules...
[    6.708063] systemd[1]: Started Forward Password Requests to Wall Directory Watch.
[[0;32m  OK  [0m] Started Forward Password Requests to Wall Directory Watch.[    6.723728] Loading iSCSI transport class v2.0-870.

[    6.725921] systemd[1]: Listening on LVM2 poll daemon socket.
[[0;32m  OK  [0m] Listening on LVM2 poll daemon socket.
[    6.733033] systemd[1]: Mounting Debug File System...
         Mounting Debug File System...
[    6.755107] systemd[1]: Starting Monitoring of LVM2 mirrors, snapshots etc. using dmeventd or progress polling...
         Starting Monitoring of LVM2 mirrors... dmeventd or progress polling...
[    6.780199] systemd[1]: Starting Set console keymap...
         Starting Set console keymap...
[    6.786570] systemd[1]: Starting Uncomplicated firewall...
         Starting Uncomplicated firewall...
[    6.799830] systemd[1]: Listening on udev Kernel Socket.
[[0;32m  OK  [0m] Listening on udev Kernel Socket.
[    6.806544] systemd[1]: Starting Create list of required static device nodes for the current kernel...
         Starting Create list of required st... nodes for the current kernel...
[    6.817916] systemd[1]: Mounted Huge Pages File System.
[[0;32m  OK  [0m] Mounted Huge Pages File System.
[    6.827283] systemd[1]: Mounted POSIX Message Queue File System.
[[0;32m  OK  [0m] Mounted POSIX Message Queue File System.
[    6.835871] systemd[1]: Mounted Debug File System.
[[0;32m  OK  [0m] Mounted Debug File System.
[    6.839398] systemd[1]: Started Journal Service.
[[0;32m  OK  [0m] Started Journal Service.
[[0;32m  OK  [0m] Started File System Check on Root Device.
[[0;32m  OK  [0m] Started File System Check Daemon to report status.
         Starting Remount Root and Kernel File Systems...
[[0;32m  OK  [0m] Started Nameserver information manager.
[[0;32m  OK  [0m] Started Create list of required sta...ce nodes for the current kernel.
         Starting Create Static Device Nodes in /dev...
[[0;32m  OK  [0m] Started Uncomplicated firewall.
[    6.963520] EXT4-fs (sda1): re-mounted. Opts: (null)
[    6.968758] iscsi: registered transport (tcp)
[    6.976167] random: nonblocking pool is initialized
[[0;32m  OK  [0m] Started Remount Root and Kernel File Systems.
         Starting Flush Journal to Persistent Storage...
         Starting Load/Save Random Seed...
         Starting udev Coldplug all Devices...
[[0;32m  OK  [0m] Started LVM2 metadata daemon.
[[0;32m  OK  [0m] Started Load/Save Random Seed.
[[0;32m  OK  [0m] Started Create Static Device Nodes in /dev.
         Starting udev Kernel Device Manager...
[    7.089005] systemd-journald[384]: Received request to flush runtime journal from PID 1
[[0;32m  OK  [0m] Started Flush Journal to Persistent Storage.
[[0;32m  OK  [0m] Started udev Kernel Device Manager.
[    7.210233] iscsi: registered transport (iser)
[[0;32m  OK  [0m] Started Load Kernel Modules.
         Mounting FUSE Control File System...
         Starting Apply Kernel Variables...
[[0;32m  OK  [0m] Mounted FUSE Control File System.
[[0;32m  OK  [0m] Started Apply Kernel Variables.
[[0;32m  OK  [0m] Started Monitoring of LVM2 mirrors,...ng dmeventd or progress polling.
[[0;32m  OK  [0m] Started Set console keymap.
[[0;32m  OK  [0m] Reached target Local File Systems (Pre).
[[0;32m  OK  [0m] Reached target Local File Systems.
         Starting Initial cloud-init job (pre-networking)...
         Starting Commit a transient machine-id on disk...
         Starting Create Volatile Files and Directories...
         Starting Tell Plymouth To Write Out Runtime Data...
         Starting Set console font and keymap...
         Starting LSB: AppArmor initialization...
[[0;32m  OK  [0m] Started Commit a transient machine-id on disk.
[[0;32m  OK  [0m] Started Tell Plymouth To Write Out Runtime Data.
[[0;32m  OK  [0m] Started Create Volatile Files and Directories.
         Starting Update UTMP about System Boot/Shutdown...
[[0;32m  OK  [0m] Started Update UTMP about System Boot/Shutdown.
[[0;32m  OK  [0m] Started udev Coldplug all Devices.
[[0;32m  OK  [0m] Started Dispatch Password Requests to Console Directory Watch.
[[0;32m  OK  [0m] Found device /dev/ttyS0.
[[0;32m  OK  [0m] Started Set console font and keymap.
[[0;32m  OK  [0m] Created slice system-getty.slice.
[[0;32m  OK  [0m] Listening on Load/Save RF Kill Switch Status /dev/rfkill Watch.
[   11.435794] cloud-init[493]: Cloud-init v. 21.1-19-gbad84ad4-0ubuntu1~16.04.2 running 'init-local' at Mon, 05 Sep 2022 23:52:42 +0000. Up 9.97 seconds.
[[0;32m  OK  [0m] Started Initial cloud-init job (pre-networking).
[[0;32m  OK  [0m] Reached target Network (Pre).
[[0;32m  OK  [0m] Started LSB: AppArmor initialization.
         Starting Load AppArmor profiles managed internally by snapd...
         Starting Raise network interfaces...
[[0;32m  OK  [0m] Started Load AppArmor profiles managed internally by snapd.
[[0;32m  OK  [0m] Started Raise network interfaces.
         Starting Initial cloud-init job (metadata service crawler)...
[[0;32m  OK  [0m] Reached target Network.
[   14.491592] cloud-init[971]: Cloud-init v. 21.1-19-gbad84ad4-0ubuntu1~16.04.2 running 'init' at Mon, 05 Sep 2022 23:52:45 +0000. Up 12.89 seconds.
[   14.495018] cloud-init[971]: ci-info: ++++++++++++++++++++++++++++++++++++++Net device info+++++++++++++++++++++++++++++++++++++++
[   14.504536] cloud-init[971]: ci-info: +--------+-------+----------------------------+---------------+--------+-------------------+
[   14.507428] cloud-init[971]: ci-info: | Device |   Up  |          Address           |      Mask     | Scope  |     Hw-Address    |
[   14.526858] cloud-init[971]: ci-info: +--------+-------+----------------------------+---------------+--------+-------------------+
[   14.530926] cloud-init[971]: ci-info: | enp0s3 |  True |         10.0.2.15          | 255.255.255.0 | global | 02:be:82:6b:cc:1d |
[   14.534554] cloud-init[971]: ci-info: | enp0s3 |  True | fe80::be:82ff:fe6b:cc1d/64 |       .       |  link  | 02:be:82:6b:cc:1d |
[   14.538092] cloud-init[971]: ci-info: | enp0s8 | False |             .              |       .       |   .    | 08:00:27:38:e6:d0 |
[   14.541886] cloud-init[971]: ci-info: |   lo   |  True |         127.0.0.1          |   255.0.0.0   |  host  |         .         |
[   14.546113] cloud-init[971]: ci-info: |   lo   |  True |          ::1/128           |       .       |  host  |         .         |
[   14.566463] cloud-init[971]: ci-info: +--------+-------+----------------------------+---------------+--------+-------------------+
[   14.570549] cloud-init[971]: ci-info: +++++++++++++++++++++++++++Route IPv4 info++++++++++++++++++++++++++++
[   14.574099] cloud-init[971]: ci-info: +-------+-------------+----------+---------------+-----------+-------+
[   14.577913] cloud-init[971]: ci-info: | Route | Destination | Gateway  |    Genmask    | Interface | Flags |
[   14.581954] cloud-init[971]: ci-info: +-------+-------------+----------+---------------+-----------+-------+
[   14.601673] cloud-init[971]: ci-info: |   0   |   0.0.0.0   | 10.0.2.2 |    0.0.0.0    |   enp0s3  |   UG  |
[   14.605222] cloud-init[971]: ci-info: |   1   |   10.0.2.0  | 0.0.0.0  | 255.255.255.0 |   enp0s3  |   U   |
[   14.608425] cloud-init[971]: ci-info: +-------+-------------+----------+---------------+-----------+-------+
[   14.611402] cloud-init[971]: ci-info: +++++++++++++++++++Route IPv6 info+++++++++++++++++++
[   14.616630] cloud-init[971]: ci-info: +-------+-------------+---------+-----------+-------+
[   14.619037] cloud-init[971]: ci-info: | Route | Destination | Gateway | Interface | Flags |
[   14.637419] cloud-init[971]: ci-info: +-------+-------------+---------+-----------+-------+
[   14.639735] cloud-init[971]: ci-info: |   0   |  fe80::/64  |    ::   |   enp0s3  |   U   |
[   14.642253] cloud-init[971]: ci-info: |   3   |   ff00::/8  |    ::   |   enp0s3  |   U   |
[   14.644547] cloud-init[971]: ci-info: +-------+-------------+---------+-----------+-------+
[[0;32m  OK  [0m] Started Initial cloud-init job (metadata service crawler).
[   14.651320] cloud-init[[0;32m  OK  [0m] Reached target System Initialization.
[[0;32m  OK  [0m] Listening on D-Bus System Message Bus Socket.
[[0;32m  OK  [0m[971]: Generating public/private rsa key pair.
[   14.658629] cloud-init[971]: Your identification has been saved in /etc/ssh/ssh_host_rsa_key.] Started Daily apt download activities.
[[0;32m  OK  [0m] Started Daily Cleanup of Temporary Directories.
[[0;32m  OK  [0m] Listening on UUID daemon activation socket.
[   14.664487] cloud-init[971]: Your public key has been saved in /etc/ssh/ssh_host_rsa_key.pub.
[   14.666387] cloud-init[971]: The key fingerprint is:
[   14.667586] cloud-init[971]: 
SHA256:xBZXXEFnHSoZZOtuqyotcZBA4Hmm+LCBaQxNztnihZg root@ubuntu-xenial
[   14.670552] cloud-init[971]: The key's randomart image is:
[[0;32m  OK  [0m] Started ACPI Events Check.
[[0;32m  OK  [0m] Reached target Paths.
[[0;32m  OK  [0m] Started Ubuntu Advantage update messaging.
[   14.676813] cloud-init[971]: +---[RSA 2048]----+
[   14.681851] cloud-init[971]: | .+.    . o*.o+o=|
[[0;32m  OK  [0m] Started Daily apt upgrade and clean activities.
         Starting Socket activation for snappy daemon.
[[0;32m  OK  [0m] Listening on ACPID Listen Socket.
[   14.688891] cloud-init[971]: |.B.=   . o. = .o.|
         Starting LXD - unix socket.
[[0;32m  OK  [0m] Started Message of the Day.
[[0;32m  OK  [0m] Reached target Timers.
[[0;32m  OK  [0m[   14.690969] cloud-init[971]: |EoBo+ . +  + .   |
[   14.697737] cloud-init[971]: |=o+o o o  . .    |
[   14.699408] cloud-init] Reached target Network is Online.
[971]: |*+.   . S  .     |
[   14.705271] cloud-init[971]: |.=   . .  .      |
[   14.707221] cloud-init         Starting iSCSI initiator daemon (iscsid)...
[[0;32m  OK  [0m] Reached target Cloud-config availability.
[971]: |. .   +    o     |
[   14.713197] cloud-init[971]: |     o .  . .    |
[   14.715153] cloud-init[971]: |      o.....     |
[[0;32m  OK  [0m] Listening on Socket activation for snappy daemon.
[[   14.726705] [0;32m  OK  [0mcloud-init[971]: +----[SHA256]-----+] Listening on LXD - unix socket.
[[0;32m  OK  [0m] Reached target Sockets.
[[0;32m  OK  [0m
[   14.733517] ] Reached target Basic System.
cloud-init[971]: Generating public/private dsa key pair.
[   14.738426] cloud-init[971]: Your identification has been saved in /etc/ssh/ssh_host_dsa_key.         Starting Accounts Service...
[[0;32m  OK  [0m] Started Regular background program processing daemon.

[   14.753347] cloud-init[971]: Your public key has been saved in /etc/ssh/ssh_host_dsa_key.pub.
         Starting /etc/rc.local Compatibility...
[[0;32m  OK  [0m] Started D-Bus System Message Bus.
[   14.760340] cloud-init[971]: The key fingerprint is:
[   14.785450] cloud-init[971]: SHA256:K/OrKI/6+06BPfBKYDK2tCDEthL0z32pF+udiVdEwN0 root@ubuntu-xenial
[   14.790313] cloud-init[971]: The key's randomart image is:
[   14.794951] cloud-init[971]: +---[DSA 1024]----+
[   14.797061] cloud-init[971]: |oo        ..o .  |
[   14.801015] cloud-init[971]: |oo.        . o E |
[   14.803271] cloud-init[971]: |B=o.        .    |
[   14.805448] cloud-init[971]: |O+o=o .   .  .   |
[   14.807170] cloud-init[971]: |.oo =o .S+  .    |
[   14.810113] cloud-init[971]: | . . o  o.o  .   |
[   14.813544] cloud-init[971]: |  . . o..o  .    |
[   14.817978] cloud-init[971]: |  .o . +o o.o    |
[   14.819725] cloud-init[971]: |.o+*= ..o+.+     |
[   14.821997] cloud-init[971]: +----[SHA256]-----+
[   14.824999] cloud-init[971]: Generating public/private ecdsa key pair.
[[0;32m  OK  [0m] Started ACPI event daemon.
         Starting System Logging Service...
[   14.833609] cloud-init[971]: Your identification has been saved in /etc/ssh/ssh_host_ecdsa_key.
[   14.872322] cloud-init[971]: Your public key has been saved in /etc/ssh/ssh_host_ecdsa_key.pub.
[   14.874013] cloud-init[971]: The key fingerprint is:
[   14.875089] cloud-init[971]: SHA256:ZmXy+BIx6my1fS02hZHjT7sIsD5qQgp6Fdl5N7EV210 root@ubuntu-xenial
         Starting Virtualbox guest utils...
         Starting LSB: Record successful boot for GRUB...
         Starting LXD - container startup/shutdown...
         Starting Login Service...
         Starting LSB: MD monitoring daemon...
         Starting Pollinate to seed the pseudo random number generator...
[[0;32m  OK  [0m] Started FUSE filesystem for LXC.
[[0;32m  OK  [0m] Started Deferred execution scheduler.
         Starting Snap Daemon...
[[0;32m  OK  [0m] Started /etc/rc.local Compatibility.
[[0;32m  OK  [0m] Started iSCSI initiator daemon (iscsid).
         Starting Login to default iSCSI targets...
[[0;32m  OK  [0m] Started Login Service.
[[0;32m  OK  [0m] Started Unattended Upgrades Shutdown.
[[0;32m  OK  [0m] Started System Logging Service.
         Starting Authenticate and Authorize Users to Run Privileged Tasks...[   15.077426] cloud-init[971]: The key's randomart image is:
[   15.078950] cloud-init[971]: +---[ECDSA 256]---+

[   15.080059] [[0;32m  OK  [0m] Started Login to default iSCSI targets.
[[0;32m  OK  [0m] Reached target Remote File Systems (Pre).
[[0;32m  OK  [0m] Reached target Remote File Systems.
         Starting LSB: Set the CPU Frequency Scaling governor to "ondemand"...
cloud-init[971]: |            ..  E|
         Starting LSB: automatic crash report generation...
         Starting LSB: daemon to balance interrupts for SMP systems...
         Starting Permit User Sessions...
[   15.192130] cloud-init[971]: |          . .+ ..|
[   15.215594] cloud-init[971]: |     o .+ o+= . .|
[   15.217717] cloud-init[971]: |    o o..O+. +   |
[   15.229939] cloud-init[971]: |     ...S...o o  |
[   15.232689] cloud-init[971]: |.   oo + B   = . |
[   15.252311] cloud-init[971]: |.. +  + + + = +  |
[   15.253847] cloud-init[971]: |. o ...... + + . |
[   15.256346] cloud-init[971]: | .   o....  . .  |
[   15.275714] cloud-init[971]: +----[SHA256]-----+
[   15.277467] cloud-init[971]: Generating public/private ed25519 key pair.
[   15.280331] cloud-init[971]: Your identification has been saved in /etc/ssh/ssh_host_ed25519_key.
[   15.284196] cloud-init[971]: Your public key has been saved in /etc/ssh/ssh_host_ed25519_key.pub.
[[0;32m  OK  [0m] Started Permit User Sessions.
[[0;32m  OK  [0m] Started LSB: Set the CPU Frequency Scaling governor to "ondemand".
         Starting Terminate Plymouth Boot Screen...
         [   15.287468] cloud-init[971]: The key fingerprint is:Starting Hold until boot process finishes up...
[[0;32m  OK  [0m] Started Hold until boot process finishes up.
[[0;32m  OK  [0m] Started Terminate Plymouth Boot Screen.
         Starting Set console scheme...
[[0;32m  OK  [0m] Started Serial Getty on ttyS0.
[[0;32m  OK  [0m] Started Getty on tty1.
[[0;32m  OK  [0m] Reached target Login Prompts.
[[0;32m  OK  [0m
] Started LSB: MD monitoring daemon.
[[0;32m  OK  [0m] Started Set console scheme.
[[0;32m  OK  [0m] Started Authenticate and Authorize Users to Run Privileged Tasks.
[[0;32m  OK  [0m] Started LSB: Record successful boot for GRUB.
[   15.421035] cloud-init[971]: SHA256:wGQk70Xc8AsBwmMaG/zvvOS1rhhSRkF39P177Qdfyfc root@ubuntu-xenial[[0;32m  OK  [0m] Started Accounts Service.

[   15.449007] cloud-init[971]: The key's randomart image is:
[   15.456597] cloud-init[971]: +--[ED25519 256]--+
[   15.460677] cloud-init[971]: | . o=.*+*o       |
[   15.468126] cloud-init[971]: |  + +X o.+..     |
[   15.472354] cloud-init[971]: |   B..+ o o .    |
[   15.474509] cloud-init[971]: |  o... o . . .   |
[   15.475918] cloud-init[971]: |    o.. S .   o .|
[   15.477379] cloud-init[971]: |   o  .       .++|
[   15.478879] cloud-init[971]: |  . .o. .     .o*|
[   15.481051] cloud-init[971]: |   . =o. .     oE|
[   15.483133] cloud-init[971]: |    . ++o       o|
[   15.484805] cloud-init[971]: +----[SHA256]-----+
[[0;32m  OK  [0m] Started LSB: daemon to balance interrupts for SMP systems.
[[0;32m  OK  [0m] Started LSB: automatic crash report generation.
[[0;32m  OK  [0m] Started LXD - container startup/shutdown.
[[0;32m  OK  [0m] Started Virtualbox guest utils.
[[0;32m  OK  [0m] Started Snap Daemon.
         Starting Wait until snapd is fully seeded...
[[0;32m  OK  [0m] Started Pollinate to seed the pseudo random number generator.
         Starting OpenBSD Secure Shell server...
[[0;32m  OK  [0m] Started OpenBSD Secure Shell server.
[[0;32m  OK  [0m] Created slice User Slice of vagrant.
         Starting User Manager for UID 1000...
[[0;32m  OK  [0m] Started Session 1 of user vagrant.
[[0;32m  OK  [0m] Started User Manager for UID 1000.
[[0;32m  OK  [0m] Started Wait until snapd is fully seeded.
         Starting Apply the settings specified in cloud-config...
[[0;32m  OK  [0m] Reached target Multi-User System.
[[0;32m  OK  [0m] Reached target Graphical Interface.
         Starting Update UTMP about System Runlevel Changes...
[[0;32m  OK  [0m] Started Update UTMP about System Runlevel Changes.
[   20.909997] cloud-init[1397]: Generating locales (this might take a while)...

Ubuntu 16.04.7 LTS ubuntu-xenial ttyS0

ubuntu-xenial login: [   23.483770] cloud-init[1397]:   en_US.UTF-8... done
[   23.486906] cloud-init[1397]: Generation complete.
[   24.480889] cloud-init[1397]: Cloud-init v. 21.1-19-gbad84ad4-0ubuntu1~16.04.2 running 'modules:config' at Mon, 05 Sep 2022 23:52:52 +0000. Up 20.45 seconds.
ci-info: no authorized SSH keys fingerprints found for user ubuntu.
<14>Sep  5 23:52:57 ec2: 
<14>Sep  5 23:52:57 ec2: #############################################################
<14>Sep  5 23:52:57 ec2: -----BEGIN SSH HOST KEY FINGERPRINTS-----
<14>Sep  5 23:52:57 ec2: 1024 SHA256:K/OrKI/6+06BPfBKYDK2tCDEthL0z32pF+udiVdEwN0 root@ubuntu-xenial (DSA)
<14>Sep  5 23:52:57 ec2: 256 SHA256:ZmXy+BIx6my1fS02hZHjT7sIsD5qQgp6Fdl5N7EV210 root@ubuntu-xenial (ECDSA)
<14>Sep  5 23:52:57 ec2: 256 SHA256:wGQk70Xc8AsBwmMaG/zvvOS1rhhSRkF39P177Qdfyfc root@ubuntu-xenial (ED25519)
<14>Sep  5 23:52:57 ec2: 2048 SHA256:xBZXXEFnHSoZZOtuqyotcZBA4Hmm+LCBaQxNztnihZg root@ubuntu-xenial (RSA)
<14>Sep  5 23:52:57 ec2: -----END SSH HOST KEY FINGERPRINTS-----
<14>Sep  5 23:52:57 ec2: #############################################################
-----BEGIN SSH HOST KEY KEYS-----
ecdsa-sha2-nistp256 AAAAE2VjZHNhLXNoYTItbmlzdHAyNTYAAAAIbmlzdHAyNTYAAABBBFJI7LQr27ciIZLc0mtYxlspMA06ngKMWWK+Iq5txmksBc60akWVBUDxhf7+eQ+FlQ+hAhUVf5AXQcQEhMuyx7k= root@ubuntu-xenial
ssh-ed25519 AAAAC3NzaC1lZDI1NTE5AAAAIOoBqiLEZRTk36jsuzsaDI2/2I2BGrMNJQoLIMj0IgSv root@ubuntu-xenial
ssh-rsa AAAAB3NzaC1yc2EAAAADAQABAAABAQDR62RCEJhMjOIJNSCdj9mgexZjftKqBOobd4emdryqB+5HLrZQHbaeJOcv6bl8M5Ilm6Xa11IjyhEa60223josjLL3nrvnTpxG/YjFDlkq4rqe2k6ueqsQeVxR4H5iXfD3m+qpf3DHL4YU1RKA76HdLZH20qwc0VuYSoJDkvQOeSvKxU+BkgQjNLQ/F+9JGzihJKC/Vin//Lr8ojkG53EcC9yZ3jo9xAPWpg/YYKl+wbIdy4/9vpQp6Oy5CQjBpaW5taCzY1ScSS8kxoOpOt6HKrI0sFXhThOMHIBWcRTaW1mPTkWfKTGxSVwEVD8NsTHBaFFIHPTLzCEbZxoc/EdF root@ubuntu-xenial
-----END SSH HOST KEY KEYS-----
[   25.748094] cloud-init[1595]: Cloud-init v. 21.1-19-gbad84ad4-0ubuntu1~16.04.2 running 'modules:final' at Mon, 05 Sep 2022 23:52:57 +0000. Up 25.40 seconds.
[   25.752113] cloud-init[1595]: ci-info: no authorized SSH keys fingerprints found for user ubuntu.
[   25.771995] cloud-init[1595]: Cloud-init v. 21.1-19-gbad84ad4-0ubuntu1~16.04.2 finished at Mon, 05 Sep 2022 23:52:58 +0000. Datasource DataSourceNoCloud [seed=/dev/sdb][dsmode=net].  Up 25.73 seconds
[  102.437214] sd 2:0:0:0: [sda] tag#6 Medium access timeout failure. Offlining disk!
[  112.548086] blk_update_request: I/O error, dev sda, sector 2091008
[  112.550050] Buffer I/O error on device sda1, logical block 261120
[  112.551980] Buffer I/O error on device sda1, logical block 261121
[  112.554110] Buffer I/O error on device sda1, logical block 261122
[  112.556246] Buffer I/O error on device sda1, logical block 261123
[  112.558157] Buffer I/O error on device sda1, logical block 261124
[  112.559964] Buffer I/O error on device sda1, logical block 261125
[  112.561986] Buffer I/O error on device sda1, logical block 261126
[  112.563913] Buffer I/O error on device sda1, logical block 261127
[  112.566481] Buffer I/O error on device sda1, logical block 261128
[  112.569331] Buffer I/O error on device sda1, logical block 261129
[  112.572393] sd 2:0:0:0: rejecting I/O to offline device
[  112.575212] sd 2:0:0:0: rejecting I/O to offline device
[  112.577598] sd 2:0:0:0: rejecting I/O to offline device
[  112.579952] sd 2:0:0:0: rejecting I/O to offline device
[  112.583756] sd 2:0:0:0: rejecting I/O to offline device
[  112.586889] sd 2:0:0:0: rejecting I/O to offline device
[  112.589266] sd 2:0:0:0: rejecting I/O to offline device
[  112.591010] sd 2:0:0:0: rejecting I/O to offline device
[  112.593478] sd 2:0:0:0: rejecting I/O to offline device
[  112.596364] sd 2:0:0:0: rejecting I/O to offline device
[  112.599365] sd 2:0:0:0: rejecting I/O to offline device
[  112.602219] sd 2:0:0:0: rejecting I/O to offline device
[  112.605325] sd 2:0:0:0: rejecting I/O to offline device
[  112.608514] sd 2:0:0:0: rejecting I/O to offline device
[  112.611741] sd 2:0:0:0: rejecting I/O to offline device
[  112.614753] sd 2:0:0:0: rejecting I/O to offline device
[  112.617759] sd 2:0:0:0: rejecting I/O to offline device
[  112.620407] sd 2:0:0:0: rejecting I/O to offline device
[  112.623151] sd 2:0:0:0: rejecting I/O to offline device
[  112.626033] sd 2:0:0:0: rejecting I/O to offline device
[  112.628887] sd 2:0:0:0: rejecting I/O to offline device
[  112.631612] sd 2:0:0:0: rejecting I/O to offline device
[  112.634385] sd 2:0:0:0: rejecting I/O to offline device
[  112.637204] sd 2:0:0:0: rejecting I/O to offline device
[  112.639924] sd 2:0:0:0: rejecting I/O to offline device
[  112.642642] sd 2:0:0:0: rejecting I/O to offline device
[  112.645352] sd 2:0:0:0: rejecting I/O to offline device
[  112.648052] sd 2:0:0:0: rejecting I/O to offline device
[  112.650771] sd 2:0:0:0: rejecting I/O to offline device
[  112.653488] sd 2:0:0:0: rejecting I/O to offline device
[  112.656146] sd 2:0:0:0: rejecting I/O to offline device
[  112.658851] sd 2:0:0:0: rejecting I/O to offline device
[  112.661591] sd 2:0:0:0: rejecting I/O to offline device
[  112.664336] sd 2:0:0:0: rejecting I/O to offline device
[  112.667080] sd 2:0:0:0: rejecting I/O to offline device
[  112.669778] sd 2:0:0:0: rejecting I/O to offline device
[  112.672457] sd 2:0:0:0: rejecting I/O to offline device
[  112.675240] sd 2:0:0:0: rejecting I/O to offline device
[  112.677941] sd 2:0:0:0: rejecting I/O to offline device
[  112.680564] sd 2:0:0:0: rejecting I/O to offline device
[  112.683260] sd 2:0:0:0: rejecting I/O to offline device
[  112.685994] sd 2:0:0:0: rejecting I/O to offline device
[  112.688751] sd 2:0:0:0: rejecting I/O to offline device
[  112.691924] sd 2:0:0:0: rejecting I/O to offline device
[  112.694727] sd 2:0:0:0: rejecting I/O to offline device
[  112.697465] sd 2:0:0:0: rejecting I/O to offline device
[  112.700154] sd 2:0:0:0: rejecting I/O to offline device
[  112.702895] sd 2:0:0:0: rejecting I/O to offline device
[  112.705929] sd 2:0:0:0: rejecting I/O to offline device
[  112.708646] sd 2:0:0:0: rejecting I/O to offline device
[  112.711344] sd 2:0:0:0: rejecting I/O to offline device
[  112.714037] sd 2:0:0:0: rejecting I/O to offline device
[  112.716713] sd 2:0:0:0: rejecting I/O to offline device
[  112.719341] sd 2:0:0:0: rejecting I/O to offline device
[  112.722030] sd 2:0:0:0: rejecting I/O to offline device
[  112.724264] sd 2:0:0:0: rejecting I/O to offline device
[  112.726451] sd 2:0:0:0: rejecting I/O to offline device
[  112.729110] sd 2:0:0:0: rejecting I/O to offline device
[  112.731735] sd 2:0:0:0: rejecting I/O to offline device
[  112.734443] sd 2:0:0:0: rejecting I/O to offline device
[  112.737269] sd 2:0:0:0: rejecting I/O to offline device
[  112.740007] sd 2:0:0:0: rejecting I/O to offline device
[  112.744773] sd 2:0:0:0: rejecting I/O to offline device
[  112.747587] sd 2:0:0:0: rejecting I/O to offline device
[  112.750378] sd 2:0:0:0: rejecting I/O to offline device
[  112.753131] sd 2:0:0:0: rejecting I/O to offline device
[  112.755917] sd 2:0:0:0: rejecting I/O to offline device
[  112.758750] sd 2:0:0:0: rejecting I/O to offline device
[  112.761454] sd 2:0:0:0: rejecting I/O to offline device
[  112.764148] sd 2:0:0:0: rejecting I/O to offline device
[  112.766910] sd 2:0:0:0: rejecting I/O to offline device
[  112.769678] sd 2:0:0:0: rejecting I/O to offline device
[  112.772478] sd 2:0:0:0: rejecting I/O to offline device
[  112.777204] sd 2:0:0:0: rejecting I/O to offline device
[  112.780008] sd 2:0:0:0: rejecting I/O to offline device
[  112.782838] sd 2:0:0:0: rejecting I/O to offline device
[  112.785539] sd 2:0:0:0: rejecting I/O to offline device
[  112.788263] sd 2:0:0:0: rejecting I/O to offline device
[  112.790975] sd 2:0:0:0: rejecting I/O to offline device
[  112.793706] sd 2:0:0:0: rejecting I/O to offline device
[  112.796451] sd 2:0:0:0: rejecting I/O to offline device
[  112.799220] sd 2:0:0:0: rejecting I/O to offline device
[  112.802005] sd 2:0:0:0: rejecting I/O to offline device
[  112.804906] sd 2:0:0:0: rejecting I/O to offline device
[  112.807687] sd 2:0:0:0: rejecting I/O to offline device
[  112.810411] sd 2:0:0:0: rejecting I/O to offline device
[  112.813211] sd 2:0:0:0: rejecting I/O to offline device
[  112.815889] sd 2:0:0:0: rejecting I/O to offline device
[  112.819041] sd 2:0:0:0: rejecting I/O to offline device
[  112.821728] sd 2:0:0:0: rejecting I/O to offline device
[  112.824957] sd 2:0:0:0: rejecting I/O to offline device
[  112.827771] sd 2:0:0:0: rejecting I/O to offline device
[  112.830465] sd 2:0:0:0: rejecting I/O to offline device
[  112.833187] sd 2:0:0:0: rejecting I/O to offline device
[  112.835820] sd 2:0:0:0: rejecting I/O to offline device
[  112.838497] sd 2:0:0:0: rejecting I/O to offline device
[  112.841175] sd 2:0:0:0: rejecting I/O to offline device
[  112.843810] sd 2:0:0:0: rejecting I/O to offline device
[  112.846455] sd 2:0:0:0: rejecting I/O to offline device
[  112.849147] sd 2:0:0:0: rejecting I/O to offline device
[  112.851769] sd 2:0:0:0: rejecting I/O to offline device
[  112.854441] sd 2:0:0:0: rejecting I/O to offline device
[  112.857079] sd 2:0:0:0: rejecting I/O to offline device
[  112.859693] sd 2:0:0:0: rejecting I/O to offline device
[  112.862373] sd 2:0:0:0: rejecting I/O to offline device
[  112.864991] sd 2:0:0:0: rejecting I/O to offline device
[  112.867645] sd 2:0:0:0: rejecting I/O to offline device
[  112.870300] sd 2:0:0:0: rejecting I/O to offline device
[  112.872928] sd 2:0:0:0: rejecting I/O to offline device
[  112.875710] sd 2:0:0:0: rejecting I/O to offline device
[  112.878470] sd 2:0:0:0: rejecting I/O to offline device
[  112.881234] sd 2:0:0:0: rejecting I/O to offline device
[  112.883828] sd 2:0:0:0: rejecting I/O to offline device
[  112.886591] sd 2:0:0:0: rejecting I/O to offline device
[  112.889297] sd 2:0:0:0: rejecting I/O to offline device
[  112.892049] sd 2:0:0:0: rejecting I/O to offline device
[  112.894754] sd 2:0:0:0: rejecting I/O to offline device
[  112.897401] sd 2:0:0:0: rejecting I/O to offline device
[  112.900024] sd 2:0:0:0: rejecting I/O to offline device
[  112.902712] sd 2:0:0:0: rejecting I/O to offline device
[  112.905388] sd 2:0:0:0: rejecting I/O to offline device
[  112.908135] sd 2:0:0:0: rejecting I/O to offline device
[  112.910792] sd 2:0:0:0: rejecting I/O to offline device
[  112.913553] blk_update_request: I/O error, dev sda, sector 2232320
[  112.916688] blk_update_request: I/O error, dev sda, sector 2230272
[  112.919878] blk_update_request: I/O error, dev sda, sector 2088960
[  112.922778] blk_update_request: I/O error, dev sda, sector 2250752
[  112.925163] blk_update_request: I/O error, dev sda, sector 12602096
[  112.927208] blk_update_request: I/O error, dev sda, sector 12602536
[  112.929435] blk_update_request: I/O error, dev sda, sector 12603264
[  112.931594] blk_update_request: I/O error, dev sda, sector 12603704
[  112.933786] blk_update_request: I/O error, dev sda, sector 12604144
[  112.936232] sd 2:0:0:0: rejecting I/O to offline device
[  112.938646] Aborting journal on device sda1-8.
[  112.941877] EXT4-fs (sda1): previous I/O error to superblock detected
[  112.944889] sd 2:0:0:0: rejecting I/O to offline device
[  112.946789] JBD2: Error -5 detected when updating journal superblock for sda1-8.
[  112.965862] sd 2:0:0:0: rejecting I/O to offline device
[  112.969694] EXT4-fs error (device sda1): ext4_journal_check_start:56: Detected aborted journal
[  112.974147] EXT4-fs (sda1): Remounting filesystem read-only
[  112.976430] EXT4-fs (sda1): previous I/O error to superblock detected
[  112.994540] sd 2:0:0:0: rejecting I/O to offline device
